ARM Linker, 5.03 [Build 76] [MDK-ARM Lite]

==============================================================================

Section Cross References

    main.o(.text) refers to usart.o(.text) for usart2_init
    main.o(.text) refers to delay.o(.text) for delay_init
    main.o(.text) refers to iic.o(.text) for IIC_Init
    main.o(.text) refers to mpu6050.o(.text) for MPU6050_initialize
    main.o(.text) refers to tim_init.o(.text) for TIM3ch1_ITInit
    main.o(.text) refers to cal.o(.text) for SetZeroPoint
    main.o(.text) refers to extern_variable.o(.data) for ReceiveDataEn
    main.o(.text) refers to extern_variable.o(.bss) for S_FLOAT_GyroAngle
    iic.o(.text) refers to stm32f30x_rcc.o(.text) for RCC_AHBPeriphClockCmd
    iic.o(.text) refers to stm32f30x_gpio.o(.text) for GPIO_Init
    iic.o(.text) refers to printfa.o(i.__0printf) for __2printf
    iic.o(.text) refers to delay.o(.text) for delay_us
    stm32f30x_it.o(.text) refers to stm32f30x_exti.o(.text) for EXTI_GetITStatus
    stm32f30x_it.o(.text) refers to stm32f30x_dma.o(.text) for DMA_GetITStatus
    stm32f30x_it.o(.text) refers to stm32f30x_tim.o(.text) for TIM_GetITStatus
    stm32f30x_it.o(.text) refers to delay.o(.text) for TimingDelay_Decrement
    stm32f30x_it.o(.text) refers to usart.o(.data) for EndOfTransfer
    stm32f30x_it.o(.text) refers to extern_variable.o(.data) for ReceiveDataEn
    delay.o(.text) refers to tim_init.o(.text) for TIM2ch1_ITInit
    delay.o(.text) refers to delay.o(.data) for TimingDelay
    usart.o(.text) refers to stm32f30x_rcc.o(.text) for RCC_APB1PeriphClockCmd
    usart.o(.text) refers to stm32f30x_gpio.o(.text) for GPIO_Init
    usart.o(.text) refers to stm32f30x_usart.o(.text) for USART_Init
    usart.o(.text) refers to stm32f30x_dma.o(.text) for DMA_DeInit
    usart.o(.text) refers to stm32f30x_misc.o(.text) for NVIC_Init
    usart.o(.text) refers to usart.o(.data) for DstBuffer
    system_stm32f30x.o(.text) refers to system_stm32f30x.o(.data) for SystemCoreClock
    startup_stm32f30x.o(RESET) refers to startup_stm32f30x.o(STACK) for __initial_sp
    startup_stm32f30x.o(RESET) refers to startup_stm32f30x.o(.text) for Reset_Handler
    startup_stm32f30x.o(RESET) refers to stm32f30x_it.o(.text) for NMI_Handler
    startup_stm32f30x.o(.text) refers to system_stm32f30x.o(.text) for SystemInit
    startup_stm32f30x.o(.text) refers to entry.o(.ARM.Collect$$$$00000000) for __main
    cal.o(.text) refers to f2d.o(.text) for __aeabi_f2d
    cal.o(.text) refers to cdrcmple.o(.text) for __aeabi_cdrcmple
    cal.o(.text) refers to dflti.o(.text) for __aeabi_i2d
    cal.o(.text) refers to ddiv.o(.text) for __aeabi_ddiv
    cal.o(.text) refers to dadd.o(.text) for __aeabi_dsub
    cal.o(.text) refers to d2f.o(.text) for __aeabi_d2f
    cal.o(.text) refers to asin.o(i.__hardfp_asin) for __hardfp_asin
    cal.o(.text) refers to mpu6050.o(.text) for MPU6050GyroRead
    cal.o(.text) refers to cal.o(.constdata) for .constdata
    cal.o(.text) refers to extern_variable.o(.data) for angleY
    cal.o(.text) refers to extern_variable.o(.bss) for S_FLOAT_GyroAngle
    cal.o(.text) refers to cal.o(.data) for HistoryAcc_Y
    cal.o(.text) refers to printfa.o(i.__0printf) for __2printf
    exit_init.o(.text) refers to stm32f30x_rcc.o(.text) for RCC_AHBPeriphClockCmd
    exit_init.o(.text) refers to stm32f30x_gpio.o(.text) for GPIO_Init
    exit_init.o(.text) refers to stm32f30x_syscfg.o(.text) for SYSCFG_EXTILineConfig
    exit_init.o(.text) refers to stm32f30x_exti.o(.text) for EXTI_Init
    exit_init.o(.text) refers to stm32f30x_misc.o(.text) for NVIC_Init
    exit_init.o(.text) refers to printfa.o(i.__0printf) for __2printf
    tim_init.o(.text) refers to stm32f30x_rcc.o(.text) for RCC_APB1PeriphClockCmd
    tim_init.o(.text) refers to stm32f30x_tim.o(.text) for TIM_TimeBaseStructInit
    tim_init.o(.text) refers to stm32f30x_misc.o(.text) for NVIC_Init
    tim_init.o(.text) refers to printfa.o(i.__0printf) for __2printf
    motor.o(.text) refers to f2d.o(.text) for __aeabi_f2d
    motor.o(.text) refers to cdrcmple.o(.text) for __aeabi_cdrcmple
    motor.o(.text) refers to ddiv.o(.text) for __aeabi_ddiv
    motor.o(.text) refers to fabs.o(i.__hardfp_fabs) for __hardfp_fabs
    motor.o(.text) refers to d2f.o(.text) for __aeabi_d2f
    motor.o(.text) refers to delay.o(.text) for delay_us
    motor.o(.text) refers to stm32f30x_rcc.o(.text) for RCC_AHBPeriphClockCmd
    motor.o(.text) refers to stm32f30x_gpio.o(.text) for GPIO_Init
    motor.o(.text) refers to motor.o(.data) for Angle_pre
    mpu6050.o(.text) refers to iic.o(.text) for IICwriteByte
    mpu6050.o(.text) refers to delay.o(.text) for delay_ms
    mpu6050.o(.text) refers to printfa.o(i.__0printf) for __2printf
    mpu6050.o(.text) refers to extern_variable.o(.bss) for buffer
    stm32f30x_adc.o(.text) refers to stm32f30x_rcc.o(.text) for RCC_AHBPeriphResetCmd
    stm32f30x_can.o(.text) refers to stm32f30x_rcc.o(.text) for RCC_APB1PeriphResetCmd
[...]
    printf8.o(i.__0vsnprintf$8) refers to printf8.o(i._printf_core) for _printf_core
    printf8.o(i.__0vsnprintf$8) refers to printf8.o(i._snputc) for _snputc
    printf8.o(i.__0vsprintf$8) refers to printf8.o(i._printf_core) for _printf_core
    printf8.o(i.__0vsprintf$8) refers to printf8.o(i._sputc) for _sputc
    printf8.o(i._printf_core) refers to printf8.o(i._printf_pre_padding) for _printf_pre_padding
    printf8.o(i._printf_core) refers to uldiv.o(.text) for __aeabi_uldivmod
    printf8.o(i._printf_core) refers to printf8.o(i._printf_post_padding) for _printf_post_padding
    printfa.o(i.__0fprintf) refers (Special) to iusefp.o(.text) for __I$use$fp
    printfa.o(i.__0fprintf) refers to printfa.o(i._printf_core) for _printf_core
    printfa.o(i.__0fprintf) refers to usart.o(.text) for fputc
    printfa.o(i.__0printf) refers (Special) to iusefp.o(.text) for __I$use$fp
    printfa.o(i.__0printf) refers to printfa.o(i._printf_core) for _printf_core
    printfa.o(i.__0printf) refers to usart.o(.text) for fputc
    printfa.o(i.__0printf) refers to stdout.o(.data) for __stdout
    printfa.o(i.__0snprintf) refers (Special) to iusefp.o(.text) for __I$use$fp
    printfa.o(i.__0snprintf) refers to printfa.o(i._printf_core) for _printf_core
    printfa.o(i.__0snprintf) refers to printfa.o(i._snputc) for _snputc
    printfa.o(i.__0sprintf) refers (Special) to iusefp.o(.text) for __I$use$fp
    printfa.o(i.__0sprintf) refers to printfa.o(i._printf_core) for _printf_core
    printfa.o(i.__0sprintf) refers to printfa.o(i._sputc) for _sputc
    printfa.o(i.__0vfprintf) refers (Special) to iusefp.o(.text) for __I$use$fp
    printfa.o(i.__0vfprintf) refers to printfa.o(i._printf_core) for _printf_core
    printfa.o(i.__0vfprintf) refers to usart.o(.text) for fputc
    printfa.o(i.__0vprintf) refers (Special) to iusefp.o(.text) for __I$use$fp
    printfa.o(i.__0vprintf) refers to printfa.o(i._printf_core) for _printf_core
    printfa.o(i.__0vprintf) refers to usart.o(.text) for fputc
    printfa.o(i.__0vprintf) refers to stdout.o(.data) for __stdout
    printfa.o(i.__0vsnprintf) refers (Special) to iusefp.o(.text) for __I$use$fp
    printfa.o(i.__0vsnprintf) refers to printfa.o(i._printf_core) for _printf_core
    printfa.o(i.__0vsnprintf) refers to printfa.o(i._snputc) for _snputc
    printfa.o(i.__0vsprintf) refers (Special) to iusefp.o(.text) for __I$use$fp
    printfa.o(i.__0vsprintf) refers to printfa.o(i._printf_core) for _printf_core
    printfa.o(i.__0vsprintf) refers to printfa.o(i._sputc) for _sputc
    printfa.o(i._fp_digits) refers (Special) to iusefp.o(.text) for __I$use$fp
    printfa.o(i._fp_digits) refers to dmul.o(.text) for __aeabi_dmul
    printfa.o(i._fp_digits) refers to ddiv.o(.text) for __aeabi_ddiv
    printfa.o(i._fp_digits) refers to cdrcmple.o(.text) for __aeabi_cdrcmple
    printfa.o(i._fp_digits) refers to dadd.o(.text) for __aeabi_dadd
    printfa.o(i._fp_digits) refers to dfixul.o(.text) for __aeabi_d2ulz
    printfa.o(i._fp_digits) refers to uldiv.o(.text) for __aeabi_uldivmod
    printfa.o(i._printf_core) refers (Special) to iusefp.o(.text) for __I$use$fp
    printfa.o(i._printf_core) refers to printfa.o(i._printf_pre_padding) for _printf_pre_padding
    printfa.o(i._printf_core) refers to uldiv.o(.text) for __aeabi_uldivmod
    printfa.o(i._printf_core) refers to printfa.o(i._printf_post_padding) for _printf_post_padding
    printfa.o(i._printf_core) refers to printfa.o(i._fp_digits) for _fp_digits
    printfa.o(i._printf_core) refers to uidiv.o(.text) for __aeabi_uidivmod
    printfa.o(i._printf_post_padding) refers (Special) to iusefp.o(.text) for __I$use$fp
    printfa.o(i._printf_pre_padding) refers (Special) to iusefp.o(.text) for __I$use$fp
    printfa.o(i._snputc) refers (Special) to iusefp.o(.text) for __I$use$fp
    printfa.o(i._sputc) refers (Special) to iusefp.o(.text) for __I$use$fp
    dadd.o(.text) refers (Special) to iusefp.o(.text) for __I$use$fp
    dadd.o(.text) refers to llshl.o(.text) for __aeabi_llsl
    dadd.o(.text) refers to llsshr.o(.text) for __aeabi_lasr
    dadd.o(.text) refers to depilogue.o(.text) for _double_epilogue
    ddiv.o(.text) refers (Special) to iusefp.o(.text) for __I$use$fp
    ddiv.o(.text) refers to depilogue.o(.text) for _double_round
    dflti.o(.text) refers (Special) to iusefp.o(.text) for __I$use$fp
    dflti.o(.text) refers to depilogue.o(.text) for _double_epilogue
    f2d.o(.text) refers (Special) to iusefp.o(.text) for __I$use$fp
    cdrcmple.o(.text) refers (Special) to iusefp.o(.text) for __I$use$fp
    d2f.o(.text) refers (Special) to iusefp.o(.text) for __I$use$fp
    d2f.o(.text) refers to fepilogue.o(.text) for _float_round
    dunder.o(i.__mathlib_dbl_underflow) refers to dmul.o(.text) for __aeabi_dmul
    fpclassify.o(i.__ARM_fpclassify) refers (Special) to iusefp.o(.text) for __I$use$fp
    poly.o(i.__kernel_poly) refers (Special) to iusefp.o(.text) for __I$use$fp
    poly.o(i.__kernel_poly) refers to dmul.o(.text) for __aeabi_dmul
    poly.o(i.__kernel_poly) refers to dadd.o(.text) for __aeabi_dadd
    sqrt.o(i.__hardfp_sqrt) refers (Special) to iusefp.o(.text) for __I$use$fp
    sqrt.o(i.__hardfp_sqrt) refers to dsqrt.o(.text) for _dsqrt
    sqrt.o(i.__hardfp_sqrt) refers to errno.o(i.__set_errno) for __set_errno
    sqrt.o(i.__softfp_sqrt) refers (Special) to iusefp.o(.text) for __I$use$fp
    sqrt.o(i.__softfp_sqrt) refers to dsqrt.o(.text) for _dsqrt
    sqrt.o(i.__softfp_sqrt) refers to errno.o(i.__set_errno) for __set_errno
    sqrt.o(i.sqrt) refers (Special) to iusefp.o(.text) for __I$use$fp
    sqrt.o(i.sqrt) refers to dsqrt.o(.text) for _dsqrt
    sqrt.o(i.sqrt) refers to errno.o(i.__set_errno) for __set_errno
    sqrt_x.o(i.____hardfp_sqrt$lsc) refers (Special) to iusefp.o(.text) for __I$use$fp
    sqrt_x.o(i.____hardfp_sqrt$lsc) refers to cdcmple.o(.text) for __aeabi_cdcmple
    sqrt_x.o(i.____hardfp_sqrt$lsc) refers to errno.o(i.__set_errno) for __set_errno
    sqrt_x.o(i.____hardfp_sqrt$lsc) refers to dsqrt.o(.text) for _dsqrt
    sqrt_x.o(i.____softfp_sqrt$lsc) refers (Special) to iusefp.o(.text) for __I$use$fp
    sqrt_x.o(i.____softfp_sqrt$lsc) refers to cdcmple.o(.text) for __aeabi_cdcmple
    sqrt_x.o(i.____softfp_sqrt$lsc) refers to errno.o(i.__set_errno) for __set_errno
    sqrt_x.o(i.____softfp_sqrt$lsc) refers to dsqrt.o(.text) for _dsqrt
    sqrt_x.o(i.__sqrt$lsc) refers (Special) to iusefp.o(.text) for __I$use$fp
    sqrt_x.o(i.__sqrt$lsc) refers to cdcmple.o(.text) for __aeabi_cdcmple
    sqrt_x.o(i.__sqrt$lsc) refers to errno.o(i.__set_errno) for __set_errno
    sqrt_x.o(i.__sqrt$lsc) refers to dsqrt.o(.text) for _dsqrt
    entry2.o(.ARM.Collect$$$$00000001) refers to entry2.o(.ARM.Collect$$$$00002712) for __lit__00000000
    entry2.o(.ARM.Collect$$$$00002712) refers to startup_stm32f30x.o(STACK) for __initial_sp
    entry2.o(__vectab_stack_and_reset_area) refers to startup_stm32f30x.o(STACK) for __initial_sp
    entry2.o(__vectab_stack_and_reset_area) refers to entry.o(.ARM.Collect$$$$00000000) for __main
    entry5.o(.ARM.Collect$$$$00000004) refers to init.o(.text) for __scatterload
    entry9a.o(.ARM.Collect$$$$0000000B) refers to main.o(.text) for main
    entry9b.o(.ARM.Collect$$$$0000000C) refers to main.o(.text) for main
    uldiv.o(.text) refers to llushr.o(.text) for __aeabi_llsr
    uldiv.o(.text) refers to llshl.o(.text) for __aeabi_llsl
    errno.o(i.__aeabi_errno_addr) refers to errno.o(.data) for .data
    errno.o(i.__read_errno) refers to errno.o(.data) for .data
    errno.o(i.__set_errno) refers to errno.o(.data) for .data
    depilogue.o(.text) refers to llshl.o(.text) for __aeabi_llsl
    depilogue.o(.text) refers to llushr.o(.text) for __aeabi_llsr
    dmul.o(.text) refers to depilogue.o(.text) for _double_epilogue
    dfixul.o(.text) refers to llushr.o(.text) for __aeabi_llsr
    dfixul.o(.text) refers to llshl.o(.text) for __aeabi_llsl
    init.o(.text) refers to entry5.o(.ARM.Collect$$$$00000004) for __main_after_scatterload
    dsqrt.o(.text) refers to llushr.o(.text) for __aeabi_llsr
    dsqrt.o(.text) refers to depilogue.o(.text) for _double_round


==============================================================================

Removing Unused input sections from the image.

    Removing main.o(.rev16_text), (4 bytes).
    Removing main.o(.revsh_text), (4 bytes).
    Removing main.o(.data), (4 bytes).
    Removing iic.o(.rev16_text), (4 bytes).
    Removing iic.o(.revsh_text), (4 bytes).
    Removing iic.o(.data), (4 bytes).
    Removing stm32f30x_it.o(.rev16_text), (4 bytes).
    Removing stm32f30x_it.o(.revsh_text), (4 bytes).
    Removing stm32f30x_it.o(.data), (4 bytes).
    Removing delay.o(.rev16_text), (4 bytes).
    Removing delay.o(.revsh_text), (4 bytes).
    Removing usart.o(.rev16_text), (4 bytes).
    Removing usart.o(.revsh_text), (4 bytes).
    Removing system_stm32f30x.o(.rev16_text), (4 bytes).
    Removing system_stm32f30x.o(.revsh_text), (4 bytes).
    Removing startup_stm32f30x.o(HEAP), (512 bytes).
    Removing cal.o(.rev16_text), (4 bytes).
    Removing cal.o(.revsh_text), (4 bytes).
    Removing exit_init.o(.rev16_text), (4 bytes).
    Removing exit_init.o(.revsh_text), (4 bytes).
    Removing exit_init.o(.text), (132 bytes).
    Removing tim_init.o(.rev16_text), (4 bytes).
    Removing tim_init.o(.revsh_text), (4 bytes).
    Removing motor.o(.rev16_text), (4 bytes).
    Removing motor.o(.revsh_text), (4 bytes).
    Removing motor.o(.text), (372 bytes).
    Removing motor.o(.data), (8 bytes).
    Removing mpu6050.o(.rev16_text), (4 bytes).
    Removing mpu6050.o(.revsh_text), (4 bytes).
    Removing mpu6050.o(.data), (4 bytes).
    Removing stm32f30x_adc.o(.rev16_text), (4 bytes).
    Removing stm32f30x_adc.o(.revsh_text), (4 bytes).
    Removing stm32f30x_adc.o(.text), (2124 bytes).
    Removing stm32f30x_can.o(.rev16_text), (4 bytes).
    Removing stm32f30x_can.o(.revsh_text), (4 bytes).
    Removing stm32f30x_can.o(.text), (2524 bytes).
    Removing stm32f30x_comp.o(.rev16_text), (4 bytes).
    Removing stm32f30x_comp.o(.revsh_text), (4 bytes).
    Removing stm32f30x_comp.o(.text), (244 bytes).
    Removing stm32f30x_crc.o(.rev16_text), (4 bytes).
    Removing stm32f30x_crc.o(.revsh_text), (4 bytes).
    Removing stm32f30x_crc.o(.text), (208 bytes).
    Removing stm32f30x_dac.o(.rev16_text), (4 bytes).
    Removing stm32f30x_dac.o(.revsh_text), (4 bytes).
    Removing stm32f30x_dac.o(.text), (528 bytes).
    Removing stm32f30x_dbgmcu.o(.rev16_text), (4 bytes).
    Removing stm32f30x_dbgmcu.o(.revsh_text), (4 bytes).
    Removing stm32f30x_dbgmcu.o(.text), (100 bytes).
    Removing stm32f30x_dma.o(.rev16_text), (4 bytes).
    Removing stm32f30x_dma.o(.revsh_text), (4 bytes).
    Removing stm32f30x_exti.o(.rev16_text), (4 bytes).
    Removing stm32f30x_exti.o(.revsh_text), (4 bytes).
    Removing stm32f30x_flash.o(.rev16_text), (4 bytes).
    Removing stm32f30x_flash.o(.revsh_text), (4 bytes).
    Removing stm32f30x_flash.o(.text), (1520 bytes).
    Removing stm32f30x_gpio.o(.rev16_text), (4 bytes).
    Removing stm32f30x_gpio.o(.revsh_text), (4 bytes).
    Removing stm32f30x_i2c.o(.rev16_text), (4 bytes).
    Removing stm32f30x_i2c.o(.revsh_text), (4 bytes).
    Removing stm32f30x_i2c.o(.text), (1008 bytes).
    Removing stm32f30x_iwdg.o(.rev16_text), (4 bytes).
    Removing stm32f30x_iwdg.o(.revsh_text), (4 bytes).
    Removing stm32f30x_iwdg.o(.text), (68 bytes).
    Removing stm32f30x_misc.o(.rev16_text), (4 bytes).
    Removing stm32f30x_misc.o(.revsh_text), (4 bytes).
    Removing stm32f30x_opamp.o(.rev16_text), (4 bytes).
    Removing stm32f30x_opamp.o(.revsh_text), (4 bytes).
    Removing stm32f30x_opamp.o(.text), (448 bytes).
    Removing stm32f30x_pwr.o(.rev16_text), (4 bytes).
    Removing stm32f30x_pwr.o(.revsh_text), (4 bytes).
    Removing stm32f30x_pwr.o(.text), (244 bytes).
    Removing stm32f30x_rcc.o(.rev16_text), (4 bytes).
    Removing stm32f30x_rcc.o(.revsh_text), (4 bytes).
    Removing stm32f30x_rtc.o(.rev16_text), (4 bytes).
    Removing stm32f30x_rtc.o(.revsh_text), (4 bytes).
    Removing stm32f30x_rtc.o(.text), (3280 bytes).
    Removing stm32f30x_spi.o(.rev16_text), (4 bytes).
    Removing stm32f30x_spi.o(.revsh_text), (4 bytes).
    Removing stm32f30x_spi.o(.text), (1050 bytes).
    Removing stm32f30x_syscfg.o(.rev16_text), (4 bytes).
    Removing stm32f30x_syscfg.o(.revsh_text), (4 bytes).
    Removing stm32f30x_syscfg.o(.text), (340 bytes).
    Removing stm32f30x_tim.o(.rev16_text), (4 bytes).
    Removing stm32f30x_tim.o(.revsh_text), (4 bytes).
    Removing stm32f30x_usart.o(.rev16_text), (4 bytes).
    Removing stm32f30x_usart.o(.revsh_text), (4 bytes).
    Removing stm32f30x_wwdg.o(.rev16_text), (4 bytes).
    Removing stm32f30x_wwdg.o(.revsh_text), (4 bytes).
    Removing stm32f30x_wwdg.o(.text), (144 bytes).
    Removing dneg.o(.text), (6 bytes).
    Removing cdcmple.o(.text), (40 bytes).

91 unused section(s) (total 15180 bytes) removed from the image.

==============================================================================

Image Symbol Table

    Local Symbols

    Symbol Name                              Value     Ov Type        Size  Object(Section)

    ../clib/microlib/division.c              0x00000000   Number         0  uidiv.o ABSOLUTE
    ../clib/microlib/division.c              0x00000000   Number         0  uldiv.o ABSOLUTE
    ../clib/microlib/errno.c                 0x00000000   Number         0  errno.o ABSOLUTE
    ../clib/microlib/init/entry.s            0x00000000   Number         0  entry7a.o ABSOLUTE
    ../clib/microlib/init/entry.s            0x00000000   Number         0  entry5.o ABSOLUTE
    ../clib/microlib/init/entry.s            0x00000000   Number         0  entry2.o ABSOLUTE
    ../clib/microlib/init/entry.s            0x00000000   Number         0  entry.o ABSOLUTE
    ../clib/microlib/init/entry.s            0x00000000   Number         0  entry11b.o ABSOLUTE
    ../clib/microlib/init/entry.s            0x00000000   Number         0  entry11a.o ABSOLUTE
    ../clib/microlib/init/entry.s            0x00000000   Number         0  entry10b.o ABSOLUTE
    ../clib/microlib/init/entry.s            0x00000000   Number         0  entry10a.o ABSOLUTE
    ../clib/microlib/init/entry.s            0x00000000   Number         0  entry9b.o ABSOLUTE
    ../clib/microlib/init/entry.s            0x00000000   Number         0  entry9a.o ABSOLUTE
    ../clib/microlib/init/entry.s            0x00000000   Number         0  entry8b.o ABSOLUTE
    ../clib/microlib/init/entry.s            0x00000000   Number         0  entry8a.o ABSOLUTE
    ../clib/microlib/init/entry.s            0x00000000   Number         0  entry7b.o ABSOLUTE
    ../clib/microlib/longlong.c              0x00000000   Number         0  llushr.o ABSOLUTE
    ../clib/microlib/longlong.c              0x00000000   Number         0  llsshr.o ABSOLUTE
    ../clib/microlib/longlong.c              0x00000000   Number         0  llshl.o ABSOLUTE
    ../clib/microlib/printf/printf.c         0x00000000   Number         0  printf0.o ABSOLUTE
    ../clib/microlib/printf/printf.c         0x00000000   Number         0  printf8.o ABSOLUTE
    ../clib/microlib/printf/printf.c         0x00000000   Number         0  printfa.o ABSOLUTE
    ../clib/microlib/printf/printf.c         0x00000000   Number         0  printf7.o ABSOLUTE
    ../clib/microlib/printf/printf.c         0x00000000   Number         0  printf6.o ABSOLUTE
    ../clib/microlib/printf/printf.c         0x00000000   Number         0  printf5.o ABSOLUTE
    ../clib/microlib/printf/printf.c         0x00000000   Number         0  printf4.o ABSOLUTE
    ../clib/microlib/printf/printf.c         0x00000000   Number         0  printfb.o ABSOLUTE
    ../clib/microlib/printf/printf.c         0x00000000   Number         0  printf3.o ABSOLUTE
    ../clib/microlib/printf/printf.c         0x00000000   Number         0  printf2.o ABSOLUTE
    ../clib/microlib/printf/printf.c         0x00000000   Number         0  printf1.o ABSOLUTE
    ../clib/microlib/printf/stubs.s          0x00000000   Number         0  stubs.o ABSOLUTE
    ../clib/microlib/stdio/streams.c         0x00000000   Number         0  stdout.o ABSOLUTE
    ../clib/microlib/stubs.s                 0x00000000   Number         0  iusefp.o ABSOLUTE
    ../fplib/microlib/d2f.c                  0x00000000   Number         0  d2f.o ABSOLUTE
    ../fplib/microlib/f2d.c                  0x00000000   Number         0  f2d.o ABSOLUTE
    ../fplib/microlib/fpadd.c                0x00000000   Number         0  dadd.o ABSOLUTE
    ../fplib/microlib/fpdiv.c                0x00000000   Number         0  ddiv.o ABSOLUTE
    ../fplib/microlib/fpepilogue.c           0x00000000   Number         0  depilogue.o ABSOLUTE
    ../fplib/microlib/fpepilogue.c           0x00000000   Number         0  fepilogue.o ABSOLUTE
    ../fplib/microlib/fpfix.c                0x00000000   Number         0  dfixul.o ABSOLUTE
    ../fplib/microlib/fpflt.c                0x00000000   Number         0  dflti.o ABSOLUTE
    ../fplib/microlib/fpmul.c                0x00000000   Number         0  dmul.o ABSOLUTE
    ../fplib/microlib/fpneg.c                0x00000000   Number         0  dneg.o ABSOLUTE
    ../fplib/microlib/fpsqrt.c               0x00000000   Number         0  dsqrt.o ABSOLUTE
    ../mathlib/asin.c                        0x00000000   Number         0  asin.o ABSOLUTE
    ../mathlib/asin.c                        0x00000000   Number         0  asin_x.o ABSOLUTE
    ../mathlib/dunder.c                      0x00000000   Number         0  dunder.o ABSOLUTE
    ../mathlib/fabs.c                        0x00000000   Number         0  fabs.o ABSOLUTE
    ../mathlib/fpclassify.c                  0x00000000   Number         0  fpclassify.o ABSOLUTE
    ../mathlib/poly.c                        0x00000000   Number         0  poly.o ABSOLUTE
    ../mathlib/sqrt.c                        0x00000000   Number         0  sqrt.o ABSOLUTE
    ../mathlib/sqrt.c                        0x00000000   Number         0  sqrt_x.o ABSOLUTE
    cdcmple.s                                0x00000000   Number         0  cdcmple.o ABSOLUTE
    cdrcmple.s                               0x00000000   Number         0  cdrcmple.o ABSOLUTE
    dc.s                                     0x00000000   Number         0  dc.o ABSOLUTE
    handlers.s                               0x00000000   Number         0  handlers.o ABSOLUTE
    hardwares\\motor.c                       0x00000000   Number         0  motor.o ABSOLUTE
    hardwares\\mpu6050.c                     0x00000000   Number         0  mpu6050.o ABSOLUTE
    hardwares\motor.c                        0x00000000   Number         0  motor.o ABSOLUTE
    hardwares\mpu6050.c                      0x00000000   Number         0  mpu6050.o ABSOLUTE
    init.s                                   0x00000000   Number         0  init.o ABSOLUTE
    lib\\src\\stm32f30x_adc.c                0x00000000   Number         0  stm32f30x_adc.o ABSOLUTE
    lib\\src\\stm32f30x_can.c                0x00000000   Number         0  stm32f30x_can.o ABSOLUTE
    lib\\src\\stm32f30x_comp.c               0x00000000   Number         0  stm32f30x_comp.o ABSOLUTE
    lib\\src\\stm32f30x_crc.c                0x00000000   Number         0  stm32f30x_crc.o ABSOLUTE
    lib\\src\\stm32f30x_dac.c                0x00000000   Number         0  stm32f30x_dac.o ABSOLUTE
    lib\\src\\stm32f30x_dbgmcu.c             0x00000000   Number         0  stm32f30x_dbgmcu.o ABSOLUTE
    lib\\src\\stm32f30x_dma.c                0x00000000   Number         0  stm32f30x_dma.o ABSOLUTE
    lib\\src\\stm32f30x_exti.c               0x00000000   Number         0  stm32f30x_exti.o ABSOLUTE
    lib\\src\\stm32f30x_flash.c              0x00000000   Number         0  stm32f30x_flash.o ABSOLUTE
    lib\\src\\stm32f30x_gpio.c               0x00000000   Number         0  stm32f30x_gpio.o ABSOLUTE
    lib\\src\\stm32f30x_i2c.c                0x00000000   Number         0  stm32f30x_i2c.o ABSOLUTE
    lib\\src\\stm32f30x_iwdg.c               0x00000000   Number         0  stm32f30x_iwdg.o ABSOLUTE
    lib\\src\\stm32f30x_misc.c               0x00000000   Number         0  stm32f30x_misc.o ABSOLUTE
    lib\\src\\stm32f30x_opamp.c              0x00000000   Number         0  stm32f30x_opamp.o ABSOLUTE
    lib\\src\\stm32f30x_pwr.c                0x00000000   Number         0  stm32f30x_pwr.o ABSOLUTE
    lib\\src\\stm32f30x_rcc.c                0x00000000   Number         0  stm32f30x_rcc.o ABSOLUTE
    lib\\src\\stm32f30x_rtc.c                0x00000000   Number         0  stm32f30x_rtc.o ABSOLUTE
    lib\\src\\stm32f30x_spi.c                0x00000000   Number         0  stm32f30x_spi.o ABSOLUTE
    lib\\src\\stm32f30x_syscfg.c             0x00000000   Number         0  stm32f30x_syscfg.o ABSOLUTE
    lib\\src\\stm32f30x_tim.c                0x00000000   Number         0  stm32f30x_tim.o ABSOLUTE
    lib\\src\\stm32f30x_usart.c              0x00000000   Number         0  stm32f30x_usart.o ABSOLUTE
    lib\\src\\stm32f30x_wwdg.c               0x00000000   Number         0  stm32f30x_wwdg.o ABSOLUTE
    lib\src\stm32f30x_adc.c                  0x00000000   Number         0  stm32f30x_adc.o ABSOLUTE
    lib\src\stm32f30x_can.c                  0x00000000   Number         0  stm32f30x_can.o ABSOLUTE
    lib\src\stm32f30x_comp.c                 0x00000000   Number         0  stm32f30x_comp.o ABSOLUTE
    lib\src\stm32f30x_crc.c                  0x00000000   Number         0  stm32f30x_crc.o ABSOLUTE
    lib\src\stm32f30x_dac.c                  0x00000000   Number         0  stm32f30x_dac.o ABSOLUTE
    lib\src\stm32f30x_dbgmcu.c               0x00000000   Number         0  stm32f30x_dbgmcu.o ABSOLUTE
    lib\src\stm32f30x_dma.c                  0x00000000   Number         0  stm32f30x_dma.o ABSOLUTE
    lib\src\stm32f30x_exti.c                 0x00000000   Number         0  stm32f30x_exti.o ABSOLUTE
    lib\src\stm32f30x_flash.c                0x00000000   Number         0  stm32f30x_flash.o ABSOLUTE
    lib\src\stm32f30x_gpio.c                 0x00000000   Number         0  stm32f30x_gpio.o ABSOLUTE
    lib\src\stm32f30x_i2c.c                  0x00000000   Number         0  stm32f30x_i2c.o ABSOLUTE
    lib\src\stm32f30x_iwdg.c                 0x00000000   Number         0  stm32f30x_iwdg.o ABSOLUTE
    lib\src\stm32f30x_misc.c                 0x00000000   Number         0  stm32f30x_misc.o ABSOLUTE
    lib\src\stm32f30x_opamp.c                0x00000000   Number         0  stm32f30x_opamp.o ABSOLUTE
    lib\src\stm32f30x_pwr.c                  0x00000000   Number         0  stm32f30x_pwr.o ABSOLUTE
    lib\src\stm32f30x_rcc.c                  0x00000000   Number         0  stm32f30x_rcc.o ABSOLUTE
    lib\src\stm32f30x_rtc.c                  0x00000000   Number         0  stm32f30x_rtc.o ABSOLUTE
    lib\src\stm32f30x_spi.c                  0x00000000   Number         0  stm32f30x_spi.o ABSOLUTE
    lib\src\stm32f30x_syscfg.c               0x00000000   Number         0  stm32f30x_syscfg.o ABSOLUTE
    lib\src\stm32f30x_tim.c                  0x00000000   Number         0  stm32f30x_tim.o ABSOLUTE
    lib\src\stm32f30x_usart.c                0x00000000   Number         0  stm32f30x_usart.o ABSOLUTE
    lib\src\stm32f30x_wwdg.c                 0x00000000   Number         0  stm32f30x_wwdg.o ABSOLUTE
    user\TIM_init.c                          0x00000000   Number         0  tim_init.o ABSOLUTE
    user\\TIM_init.c                         0x00000000   Number         0  tim_init.o ABSOLUTE
    user\\cal.c                              0x00000000   Number         0  cal.o ABSOLUTE
    user\\delay.c                            0x00000000   Number         0  delay.o ABSOLUTE
    user\\exit_init.c                        0x00000000   Number         0  exit_init.o ABSOLUTE
    user\\iic.c                              0x00000000   Number         0  iic.o ABSOLUTE
    user\\main.c                             0x00000000   Number         0  main.o ABSOLUTE
    user\\stm32f30x_it.c                     0x00000000   Number         0  stm32f30x_it.o ABSOLUTE
    user\\system_stm32f30x.c                 0x00000000   Number         0  system_stm32f30x.o ABSOLUTE
    user\\usart.c                            0x00000000   Number         0  usart.o ABSOLUTE
    user\cal.c                               0x00000000   Number         0  cal.o ABSOLUTE
    user\delay.c                             0x00000000   Number         0  delay.o ABSOLUTE
    user\exit_init.c                         0x00000000   Number         0  exit_init.o ABSOLUTE
    user\extern_variable.c                   0x00000000   Number         0  extern_variable.o ABSOLUTE
    user\iic.c                               0x00000000   Number         0  iic.o ABSOLUTE
    user\main.c                              0x00000000   Number         0  main.o ABSOLUTE
    user\startup_stm32f30x.s                 0x00000000   Number         0  startup_stm32f30x.o ABSOLUTE
    user\stm32f30x_it.c                      0x00000000   Number         0  stm32f30x_it.o ABSOLUTE
    user\system_stm32f30x.c                  0x00000000   Number         0  system_stm32f30x.o ABSOLUTE
    user\usart.c                             0x00000000   Number         0  usart.o ABSOLUTE
    RESET                                    0x08000000   Section      392  startup_stm32f30x.o(RESET)
    .ARM.Collect$$$$00000000                 0x08000188   Section        0  entry.o(.ARM.Collect$$$$00000000)
    .ARM.Collect$$$$00000001                 0x08000188   Section        4  entry2.o(.ARM.Collect$$$$00000001)
    .ARM.Collect$$$$00000004                 0x0800018c   Section        4  entry5.o(.ARM.Collect$$$$00000004)
    .ARM.Collect$$$$00000008                 0x08000190   Section        0  entry7b.o(.ARM.Collect$$$$00000008)
    .ARM.Collect$$$$0000000A                 0x08000190   Section        0  entry8b.o(.ARM.Collect$$$$0000000A)
    .ARM.Collect$$$$0000000B                 0x08000190   Section        8  entry9a.o(.ARM.Collect$$$$0000000B)
    .ARM.Collect$$$$0000000D                 0x08000198   Section        0  entry10a.o(.ARM.Collect$$$$0000000D)
    .ARM.Collect$$$$0000000F                 0x08000198   Section        0  entry11a.o(.ARM.Collect$$$$0000000F)
    .ARM.Collect$$$$00002712                 0x08000198   Section        4  entry2.o(.ARM.Collect$$$$00002712)
    __lit__00000000                          0x08000198   Data           4  entry2.o(.ARM.Collect$$$$00002712)
    .text                                    0x0800019c   Section        0  main.o(.text)
    .text                                    0x08000208   Section        0  iic.o(.text)
    .text                                    0x08000728   Section        0  stm32f30x_it.o(.text)
    .text                                    0x080007b0   Section        0  delay.o(.text)
    .text                                    0x080007fc   Section        0  usart.o(.text)
    .text                                    0x08000954   Section        0  system_stm32f30x.o(.text)
    SetSysClock                              0x08000955   Thumb Code   186  system_stm32f30x.o(.text)
    .text                                    0x08000b30   Section       36  startup_stm32f30x.o(.text)
    $v0                                      0x08000b30   Number         0  startup_stm32f30x.o(.text)
    .text                                    0x08000b54   Section        0  cal.o(.text)
    .text                                    0x08001110   Section        0  tim_init.o(.text)
    .text                                    0x080011f8   Section        0  mpu6050.o(.text)
    .text                                    0x08001378   Section        0  stm32f30x_dma.o(.text)
    .text                                    0x080015c8   Section        0  stm32f30x_exti.o(.text)
    .text                                    0x0800182c   Section        0  stm32f30x_gpio.o(.text)
    .text                                    0x08001a20   Section        0  stm32f30x_misc.o(.text)
    .text                                    0x08001afc   Section        0  stm32f30x_rcc.o(.text)
    .text                                    0x08002304   Section        0  stm32f30x_tim.o(.text)
    TI4_Config                               0x08002b0f   Thumb Code   104  stm32f30x_tim.o(.text)
    TI3_Config                               0x08002b89   Thumb Code    76  stm32f30x_tim.o(.text)
    TI2_Config                               0x08002be7   Thumb Code    66  stm32f30x_tim.o(.text)
    TI1_Config                               0x08002c39   Thumb Code    48  stm32f30x_tim.o(.text)
    .text                                    0x08003080   Section        0  stm32f30x_usart.o(.text)
    .text                                    0x080035ba   Section        0  dadd.o(.text)
    .text                                    0x08003708   Section        0  ddiv.o(.text)
    .text                                    0x080037e6   Section        0  dflti.o(.text)
    .text                                    0x08003808   Section        0  f2d.o(.text)
    .text                                    0x08003830   Section       40  cdrcmple.o(.text)
    .text                                    0x08003858   Section        0  d2f.o(.text)
    .text                                    0x08003890   Section        0  uidiv.o(.text)
    .text                                    0x080038bc   Section        0  uldiv.o(.text)
    .text                                    0x0800391e   Section        0  llshl.o(.text)
    .text                                    0x0800393c   Section        0  llsshr.o(.text)
    .text                                    0x08003960   Section        0  fepilogue.o(.text)
    .text                                    0x08003960   Section        0  iusefp.o(.text)
    .text                                    0x080039cc   Section        0  depilogue.o(.text)
    .text                                    0x08003a8a   Section        0  dmul.o(.text)
    .text                                    0x08003b6e   Section        0  dfixul.o(.text)
    .text                                    0x08003ba0   Section       36  init.o(.text)
    .text                                    0x08003bc4   Section        0  llushr.o(.text)
    .text                                    0x08003be4   Section        0  dsqrt.o(.text)
    i.__0printf                              0x08003c88   Section        0  printfa.o(i.__0printf)
    i.__ARM_fpclassify                       0x08003ca8   Section        0  fpclassify.o(i.__ARM_fpclassify)
    i.__hardfp_asin                          0x08003cd8   Section        0  asin.o(i.__hardfp_asin)
    i.__kernel_poly                          0x08004048   Section        0  poly.o(i.__kernel_poly)
    i.__mathlib_dbl_underflow                0x08004140   Section        0  dunder.o(i.__mathlib_dbl_underflow)
    i.__scatterload_copy                     0x08004160   Section       14  handlers.o(i.__scatterload_copy)
    i.__scatterload_null                     0x0800416e   Section        2  handlers.o(i.__scatterload_null)
    i.__scatterload_zeroinit                 0x08004170   Section       14  handlers.o(i.__scatterload_zeroinit)
    i.__set_errno                            0x08004180   Section        0  errno.o(i.__set_errno)
    i._fp_digits                             0x0800418c   Section        0  printfa.o(i._fp_digits)
    _fp_digits                               0x0800418d   Thumb Code   326  printfa.o(i._fp_digits)
    i._printf_core                           0x080042e8   Section        0  printfa.o(i._printf_core)
    _printf_core                             0x080042e9   Thumb Code  1762  printfa.o(i._printf_core)
    i._printf_post_padding                   0x080049d8   Section        0  printfa.o(i._printf_post_padding)
    _printf_post_padding                     0x080049d9   Thumb Code    38  printfa.o(i._printf_post_padding)
    i._printf_pre_padding                    0x080049fe   Section        0  printfa.o(i._printf_pre_padding)
    _printf_pre_padding                      0x080049ff   Thumb Code    48  printfa.o(i._printf_pre_padding)
    i.fabs                                   0x08004a2e   Section        0  fabs.o(i.fabs)
    i.sqrt                                   0x08004a4e   Section        0  sqrt.o(i.sqrt)
    .constdata                               0x08004abc   Section       16  cal.o(.constdata)
    .constdata                               0x08004ad0   Section       80  asin.o(.constdata)
    pS                                       0x08004ad0   Data          48  asin.o(.constdata)
    qS                                       0x08004b00   Data          32  asin.o(.constdata)
    .data                                    0x20000000   Section        4  delay.o(.data)
    TimingDelay                              0x20000000   Data           4  delay.o(.data)
    .data                                    0x20000004   Section       12  usart.o(.data)
    TimingDelay                              0x2000000c   Data           4  usart.o(.data)
    .data                                    0x20000010   Section       20  system_stm32f30x.o(.data)
    .data                                    0x20000024   Section        8  cal.o(.data)
    .data                                    0x2000002c   Section       19  extern_variable.o(.data)
    .data                                    0x20000040   Section       42  stm32f30x_rcc.o(.data)
    APBAHBPrescTable                         0x20000040   Data          16  stm32f30x_rcc.o(.data)
    ADCPrescTable                            0x20000050   Data          26  stm32f30x_rcc.o(.data)
    .data                                    0x2000006c   Section        4  stdout.o(.data)
    .data                                    0x20000070   Section        4  errno.o(.data)
    _errno                                   0x20000070   Data           4  errno.o(.data)
    .bss                                     0x20000074   Section       64  extern_variable.o(.bss)
    STACK                                    0x200000b8   Section     1024  startup_stm32f30x.o(STACK)

    Global Symbols

    Symbol Name                              Value     Ov Type        Size  Object(Section)

    BuildAttributes$$THM_ISAv4$E$P$D$K$B$S$7EM$VFPi3$EXTD16$VFPS$VFMA$PE$A:L22UL41UL21$X:L11$S22US41US21$IEEE1$IW$USESV6$~STKCKD$USESV7$~SHL$OTIME$ROPI$IEEEX$EBA8$MICROLIB$REQ8$PRES8$EABIv2 0x00000000   Number         0  anon$$obj.o ABSOLUTE
    __ARM_use_no_argv                        0x00000000   Number         0  main.o ABSOLUTE
    _printf_a                                0x00000000   Number         0  stubs.o ABSOLUTE
    _printf_c                                0x00000000   Number         0  stubs.o ABSOLUTE
    _printf_charcount                        0x00000000   Number         0  stubs.o ABSOLUTE
    _printf_d                                0x00000000   Number         0  stubs.o ABSOLUTE
    _printf_e                                0x00000000   Number         0  stubs.o ABSOLUTE
    _printf_f                                0x00000000   Number         0  stubs.o ABSOLUTE
    _printf_flags                            0x00000000   Number         0  stubs.o ABSOLUTE
    _printf_fp_dec                           0x00000000   Number         0  stubs.o ABSOLUTE
    _printf_fp_hex                           0x00000000   Number         0  stubs.o ABSOLUTE
    _printf_g                                0x00000000   Number         0  stubs.o ABSOLUTE
    _printf_i                                0x00000000   Number         0  stubs.o ABSOLUTE
    _printf_int_dec                          0x00000000   Number         0  stubs.o ABSOLUTE
    _printf_l                                0x00000000   Number         0  stubs.o ABSOLUTE
    _printf_lc                               0x00000000   Number         0  stubs.o ABSOLUTE
    _printf_ll                               0x00000000   Number         0  stubs.o ABSOLUTE
    _printf_lld                              0x00000000   Number         0  stubs.o ABSOLUTE
    _printf_lli                              0x00000000   Number         0  stubs.o ABSOLUTE
    _printf_llo                              0x00000000   Number         0  stubs.o ABSOLUTE
    _printf_llu                              0x00000000   Number         0  stubs.o ABSOLUTE
    _printf_llx                              0x00000000   Number         0  stubs.o ABSOLUTE
    _printf_longlong_dec                     0x00000000   Number         0  stubs.o ABSOLUTE
    _printf_longlong_hex                     0x00000000   Number         0  stubs.o ABSOLUTE
    _printf_longlong_oct                     0x00000000   Number         0  stubs.o ABSOLUTE
    _printf_ls                               0x00000000   Number         0  stubs.o ABSOLUTE
    _printf_mbtowc                           0x00000000   Number         0  stubs.o ABSOLUTE
    _printf_n                                0x00000000   Number         0  stubs.o ABSOLUTE
    _printf_o                                0x00000000   Number         0  stubs.o ABSOLUTE
    _printf_p                                0x00000000   Number         0  stubs.o ABSOLUTE
    _printf_percent                          0x00000000   Number         0  stubs.o ABSOLUTE
    _printf_pre_padding                      0x00000000   Number         0  stubs.o ABSOLUTE
    _printf_return_value                     0x00000000   Number         0  stubs.o ABSOLUTE
    _printf_s                                0x00000000   Number         0  stubs.o ABSOLUTE
    _printf_sizespec                         0x00000000   Number         0  stubs.o ABSOLUTE
    _printf_str                              0x00000000   Number         0  stubs.o ABSOLUTE
    _printf_truncate_signed                  0x00000000   Number         0  stubs.o ABSOLUTE
    _printf_truncate_unsigned                0x00000000   Number         0  stubs.o ABSOLUTE
    _printf_u                                0x00000000   Number         0  stubs.o ABSOLUTE
    _printf_wc                               0x00000000   Number         0  stubs.o ABSOLUTE
    _printf_wctomb                           0x00000000   Number         0  stubs.o ABSOLUTE
    _printf_widthprec                        0x00000000   Number         0  stubs.o ABSOLUTE
    _printf_x                                0x00000000   Number         0  stubs.o ABSOLUTE
    __cpp_initialize__aeabi_                  - Undefined Weak Reference
    __cxa_finalize                            - Undefined Weak Reference
    __decompress                              - Undefined Weak Reference
    _clock_init                               - Undefined Weak Reference
    _microlib_exit                            - Undefined Weak Reference
    __Vectors_Size                           0x00000188   Number         0  startup_stm32f30x.o ABSOLUTE
    __Vectors                                0x08000000   Data           4  startup_stm32f30x.o(RESET)
    __Vectors_End                            0x08000188   Data           0  startup_stm32f30x.o(RESET)
    __main                                   0x08000189   Thumb Code     0  entry.o(.ARM.Collect$$$$00000000)
    _main_stk                                0x08000189   Thumb Code     0  entry2.o(.ARM.Collect$$$$00000001)
    _main_scatterload                        0x0800018d   Thumb Code     0  entry5.o(.ARM.Collect$$$$00000004)
    __main_after_scatterload                 0x08000191   Thumb Code     0  entry5.o(.ARM.Collect$$$$00000004)
    _main_clock                              0x08000191   Thumb Code     0  entry7b.o(.ARM.Collect$$$$00000008)
    _main_cpp_init                           0x08000191   Thumb Code     0  entry8b.o(.ARM.Collect$$$$0000000A)
    _main_init                               0x08000191   Thumb Code     0  entry9a.o(.ARM.Collect$$$$0000000B)
    __rt_final_cpp                           0x08000199   Thumb Code     0  entry10a.o(.ARM.Collect$$$$0000000D)
    __rt_final_exit                          0x08000199   Thumb Code     0  entry11a.o(.ARM.Collect$$$$0000000F)
    main                                     0x0800019d   Thumb Code    86  main.o(.text)
    IIC_Init                                 0x08000209   Thumb Code    52  iic.o(.text)
    IIC_Start                                0x0800023d   Thumb Code    96  iic.o(.text)
    IIC_Stop                                 0x0800029d   Thumb Code    90  iic.o(.text)
    IIC_Wait_Ack                             0x080002f7   Thumb Code   122  iic.o(.text)
    IIC_Ack                                  0x08000371   Thumb Code   102  iic.o(.text)
    IIC_NAck                                 0x080003d7   Thumb Code   102  iic.o(.text)
    IIC_Send_Byte                            0x0800043d   Thumb Code   148  iic.o(.text)
    IIC_Read_Byte                            0x080004d1   Thumb Code   112  iic.o(.text)
    I2C_ReadOneByte                          0x08000541   Thumb Code    70  iic.o(.text)
    IICreadBytes                             0x08000587   Thumb Code   104  iic.o(.text)
    IICwriteBytes                            0x080005ef   Thumb Code    98  iic.o(.text)
    IICreadByte                              0x08000651   Thumb Code    22  iic.o(.text)
    IICwriteByte                             0x08000667   Thumb Code    20  iic.o(.text)
    IICwriteBits                             0x0800067b   Thumb Code   110  iic.o(.text)
    IICwriteBit                              0x080006e9   Thumb Code    64  iic.o(.text)
    NMI_Handler                              0x08000729   Thumb Code     2  stm32f30x_it.o(.text)
    HardFault_Handler                        0x0800072b   Thumb Code     4  stm32f30x_it.o(.text)
    MemManage_Handler                        0x0800072f   Thumb Code     4  stm32f30x_it.o(.text)
    BusFault_Handler                         0x08000733   Thumb Code     4  stm32f30x_it.o(.text)
    UsageFault_Handler                       0x08000737   Thumb Code     4  stm32f30x_it.o(.text)
    SVC_Handler                              0x0800073b   Thumb Code     2  stm32f30x_it.o(.text)
    DebugMon_Handler                         0x0800073d   Thumb Code     2  stm32f30x_it.o(.text)
    PendSV_Handler                           0x0800073f   Thumb Code     2  stm32f30x_it.o(.text)
    EXTI1_IRQHandler                         0x08000741   Thumb Code    18  stm32f30x_it.o(.text)
    DMA1_Channel6_IRQHandler                 0x08000753   Thumb Code    26  stm32f30x_it.o(.text)
    TIM2_IRQHandler                          0x0800076d   Thumb Code    26  stm32f30x_it.o(.text)
    TIM3_IRQHandler                          0x08000787   Thumb Code    28  stm32f30x_it.o(.text)
    delay_init                               0x080007b1   Thumb Code     8  delay.o(.text)
    delay_us                                 0x080007b9   Thumb Code    20  delay.o(.text)
    delay_ms                                 0x080007cd   Thumb Code    26  delay.o(.text)
    TimingDelay_Decrement                    0x080007e7   Thumb Code    18  delay.o(.text)
    usart2_init                              0x080007fd   Thumb Code   136  usart.o(.text)
    Usart2Received_DMA1start                 0x08000885   Thumb Code   152  usart.o(.text)
    fputc                                    0x0800091d   Thumb Code    40  usart.o(.text)
    SystemInit                               0x08000a0f   Thumb Code   112  system_stm32f30x.o(.text)
    SystemCoreClockUpdate                    0x08000a7f   Thumb Code   138  system_stm32f30x.o(.text)
    Reset_Handler                            0x08000b31   Thumb Code     8  startup_stm32f30x.o(.text)
    SysTick_Handler                          0x08000b49   Thumb Code     2  startup_stm32f30x.o(.text)
    ADC1_2_IRQHandler                        0x08000b4b   Thumb Code     0  startup_stm32f30x.o(.text)
    ADC3_IRQHandler                          0x08000b4b   Thumb Code     0  startup_stm32f30x.o(.text)
    ADC4_IRQHandler                          0x08000b4b   Thumb Code     0  startup_stm32f30x.o(.text)
    CAN1_RX1_IRQHandler                      0x08000b4b   Thumb Code     0  startup_stm32f30x.o(.text)
    CAN1_SCE_IRQHandler                      0x08000b4b   Thumb Code     0  startup_stm32f30x.o(.text)
    COMP1_2_3_IRQHandler                     0x08000b4b   Thumb Code     0  startup_stm32f30x.o(.text)
    COMP4_5_6_IRQHandler                     0x08000b4b   Thumb Code     0  startup_stm32f30x.o(.text)
    COMP7_IRQHandler                         0x08000b4b   Thumb Code     0  startup_stm32f30x.o(.text)
    DMA1_Channel1_IRQHandler                 0x08000b4b   Thumb Code     0  startup_stm32f30x.o(.text)
    DMA1_Channel2_IRQHandler                 0x08000b4b   Thumb Code     0  startup_stm32f30x.o(.text)
    DMA1_Channel3_IRQHandler                 0x08000b4b   Thumb Code     0  startup_stm32f30x.o(.text)
    DMA1_Channel4_IRQHandler                 0x08000b4b   Thumb Code     0  startup_stm32f30x.o(.text)
    DMA1_Channel5_IRQHandler                 0x08000b4b   Thumb Code     0  startup_stm32f30x.o(.text)
    DMA1_Channel7_IRQHandler                 0x08000b4b   Thumb Code     0  startup_stm32f30x.o(.text)
    DMA2_Channel1_IRQHandler                 0x08000b4b   Thumb Code     0  startup_stm32f30x.o(.text)
    DMA2_Channel2_IRQHandler                 0x08000b4b   Thumb Code     0  startup_stm32f30x.o(.text)
    DMA2_Channel3_IRQHandler                 0x08000b4b   Thumb Code     0  startup_stm32f30x.o(.text)
    DMA2_Channel4_IRQHandler                 0x08000b4b   Thumb Code     0  startup_stm32f30x.o(.text)
    DMA2_Channel5_IRQHandler                 0x08000b4b   Thumb Code     0  startup_stm32f30x.o(.text)
    EXTI0_IRQHandler                         0x08000b4b   Thumb Code     0  startup_stm32f30x.o(.text)
    EXTI15_10_IRQHandler                     0x08000b4b   Thumb Code     0  startup_stm32f30x.o(.text)
    EXTI2_TS_IRQHandler                      0x08000b4b   Thumb Code     0  startup_stm32f30x.o(.text)
    EXTI3_IRQHandler                         0x08000b4b   Thumb Code     0  startup_stm32f30x.o(.text)
    EXTI4_IRQHandler                         0x08000b4b   Thumb Code     0  startup_stm32f30x.o(.text)
    EXTI9_5_IRQHandler                       0x08000b4b   Thumb Code     0  startup_stm32f30x.o(.text)
    FLASH_IRQHandler                         0x08000b4b   Thumb Code     0  startup_stm32f30x.o(.text)
    FPU_IRQHandler                           0x08000b4b   Thumb Code     0  startup_stm32f30x.o(.text)
    I2C1_ER_IRQHandler                       0x08000b4b   Thumb Code     0  startup_stm32f30x.o(.text)
    I2C1_EV_IRQHandler                       0x08000b4b   Thumb Code     0  startup_stm32f30x.o(.text)
    I2C2_ER_IRQHandler                       0x08000b4b   Thumb Code     0  startup_stm32f30x.o(.text)
    I2C2_EV_IRQHandler                       0x08000b4b   Thumb Code     0  startup_stm32f30x.o(.text)
    PVD_IRQHandler                           0x08000b4b   Thumb Code     0  startup_stm32f30x.o(.text)
    RCC_IRQHandler                           0x08000b4b   Thumb Code     0  startup_stm32f30x.o(.text)
    RTC_Alarm_IRQHandler                     0x08000b4b   Thumb Code     0  startup_stm32f30x.o(.text)
    RTC_WKUP_IRQHandler                      0x08000b4b   Thumb Code     0  startup_stm32f30x.o(.text)
    SPI1_IRQHandler                          0x08000b4b   Thumb Code     0  startup_stm32f30x.o(.text)
    SPI2_IRQHandler                          0x08000b4b   Thumb Code     0  startup_stm32f30x.o(.text)
    SPI3_IRQHandler                          0x08000b4b   Thumb Code     0  startup_stm32f30x.o(.text)
    TAMPER_STAMP_IRQHandler                  0x08000b4b   Thumb Code     0  startup_stm32f30x.o(.text)
    TIM1_BRK_TIM15_IRQHandler                0x08000b4b   Thumb Code     0  startup_stm32f30x.o(.text)
    TIM1_CC_IRQHandler                       0x08000b4b   Thumb Code     0  startup_stm32f30x.o(.text)
    TIM1_TRG_COM_TIM17_IRQHandler            0x08000b4b   Thumb Code     0  startup_stm32f30x.o(.text)
    TIM1_UP_TIM16_IRQHandler                 0x08000b4b   Thumb Code     0  startup_stm32f30x.o(.text)
    TIM4_IRQHandler                          0x08000b4b   Thumb Code     0  startup_stm32f30x.o(.text)
    TIM6_DAC_IRQHandler                      0x08000b4b   Thumb Code     0  startup_stm32f30x.o(.text)
    TIM7_IRQHandler                          0x08000b4b   Thumb Code     0  startup_stm32f30x.o(.text)
    TIM8_BRK_IRQHandler                      0x08000b4b   Thumb Code     0  startup_stm32f30x.o(.text)
    TIM8_CC_IRQHandler                       0x08000b4b   Thumb Code     0  startup_stm32f30x.o(.text)
    TIM8_TRG_COM_IRQHandler                  0x08000b4b   Thumb Code     0  startup_stm32f30x.o(.text)
    TIM8_UP_IRQHandler                       0x08000b4b   Thumb Code     0  startup_stm32f30x.o(.text)
    UART4_IRQHandler                         0x08000b4b   Thumb Code     0  startup_stm32f30x.o(.text)
    UART5_IRQHandler                         0x08000b4b   Thumb Code     0  startup_stm32f30x.o(.text)
    USART1_IRQHandler                        0x08000b4b   Thumb Code     0  startup_stm32f30x.o(.text)
    USART2_IRQHandler                        0x08000b4b   Thumb Code     0  startup_stm32f30x.o(.text)
    USART3_IRQHandler                        0x08000b4b   Thumb Code     0  startup_stm32f30x.o(.text)
    USBWakeUp_IRQHandler                     0x08000b4b   Thumb Code     0  startup_stm32f30x.o(.text)
    USBWakeUp_RMP_IRQHandler                 0x08000b4b   Thumb Code     0  startup_stm32f30x.o(.text)
    USB_HP_CAN1_TX_IRQHandler                0x08000b4b   Thumb Code     0  startup_stm32f30x.o(.text)
    USB_HP_IRQHandler                        0x08000b4b   Thumb Code     0  startup_stm32f30x.o(.text)
    USB_LP_CAN1_RX0_IRQHandler               0x08000b4b   Thumb Code     0  startup_stm32f30x.o(.text)
    USB_LP_IRQHandler                        0x08000b4b   Thumb Code     0  startup_stm32f30x.o(.text)
    WWDG_IRQHandler                          0x08000b4b   Thumb Code     0  startup_stm32f30x.o(.text)
    KalmanFilter_Y                           0x08000b55   Thumb Code   386  cal.o(.text)
    LowerFilter                              0x08000cd7   Thumb Code   160  cal.o(.text)
    LowerFilter_init                         0x08000d77   Thumb Code    14  cal.o(.text)
    cal_AccAngleY                            0x08000d85   Thumb Code   208  cal.o(.text)
    cal_GyroAngleY                           0x08000e55   Thumb Code   164  cal.o(.text)
    SetZeroPoint                             0x08000ef9   Thumb Code   440  cal.o(.text)
    TIM2ch1_ITInit                           0x08001111   Thumb Code   102  tim_init.o(.text)
    TIM3ch1_ITInit                           0x08001177   Thumb Code   106  tim_init.o(.text)
    MPU6050_initialize                       0x080011f9   Thumb Code    96  mpu6050.o(.text)
    MPU6050AccRead                           0x08001259   Thumb Code    66  mpu6050.o(.text)
    MPU6050GyroRead                          0x0800129b   Thumb Code    66  mpu6050.o(.text)
    MPU6050_getDeviceID                      0x080012dd   Thumb Code    20  mpu6050.o(.text)
    MPU6050_testConnection                   0x080012f1   Thumb Code    18  mpu6050.o(.text)
    MPU6050_Check                            0x08001303   Thumb Code    34  mpu6050.o(.text)
    DMA_DeInit                               0x08001379   Thumb Code   324  stm32f30x_dma.o(.text)
    DMA_Init                                 0x080014bd   Thumb Code    60  stm32f30x_dma.o(.text)
    DMA_StructInit                           0x080014f9   Thumb Code    26  stm32f30x_dma.o(.text)
    DMA_Cmd                                  0x08001513   Thumb Code    24  stm32f30x_dma.o(.text)
    DMA_SetCurrDataCounter                   0x0800152b   Thumb Code     4  stm32f30x_dma.o(.text)
    DMA_GetCurrDataCounter                   0x0800152f   Thumb Code     8  stm32f30x_dma.o(.text)
    DMA_ITConfig                             0x08001537   Thumb Code    18  stm32f30x_dma.o(.text)
    DMA_GetFlagStatus                        0x08001549   Thumb Code    38  stm32f30x_dma.o(.text)
    DMA_ClearFlag                            0x0800156f   Thumb Code    22  stm32f30x_dma.o(.text)
    DMA_GetITStatus                          0x08001585   Thumb Code    38  stm32f30x_dma.o(.text)
    DMA_ClearITPendingBit                    0x080015ab   Thumb Code    22  stm32f30x_dma.o(.text)
    EXTI_DeInit                              0x080015c9   Thumb Code    68  stm32f30x_exti.o(.text)
    EXTI_Init                                0x0800160d   Thumb Code   340  stm32f30x_exti.o(.text)
    EXTI_StructInit                          0x08001761   Thumb Code    16  stm32f30x_exti.o(.text)
    EXTI_GenerateSWInterrupt                 0x08001771   Thumb Code    36  stm32f30x_exti.o(.text)
    EXTI_GetFlagStatus                       0x08001795   Thumb Code    38  stm32f30x_exti.o(.text)
    EXTI_ClearFlag                           0x080017bb   Thumb Code    22  stm32f30x_exti.o(.text)
    EXTI_GetITStatus                         0x080017d1   Thumb Code    64  stm32f30x_exti.o(.text)
    EXTI_ClearITPendingBit                   0x08001811   Thumb Code    22  stm32f30x_exti.o(.text)
    GPIO_DeInit                              0x0800182d   Thumb Code   154  stm32f30x_gpio.o(.text)
    GPIO_Init                                0x080018c7   Thumb Code   144  stm32f30x_gpio.o(.text)
    GPIO_StructInit                          0x08001957   Thumb Code    22  stm32f30x_gpio.o(.text)
    GPIO_PinLockConfig                       0x0800196d   Thumb Code    18  stm32f30x_gpio.o(.text)
    GPIO_ReadInputDataBit                    0x0800197f   Thumb Code    18  stm32f30x_gpio.o(.text)
    GPIO_ReadInputData                       0x08001991   Thumb Code     6  stm32f30x_gpio.o(.text)
    GPIO_ReadOutputDataBit                   0x08001997   Thumb Code    18  stm32f30x_gpio.o(.text)
    GPIO_ReadOutputData                      0x080019a9   Thumb Code     6  stm32f30x_gpio.o(.text)
    GPIO_SetBits                             0x080019af   Thumb Code     4  stm32f30x_gpio.o(.text)
    GPIO_ResetBits                           0x080019b3   Thumb Code     4  stm32f30x_gpio.o(.text)
    GPIO_WriteBit                            0x080019b7   Thumb Code    10  stm32f30x_gpio.o(.text)
    GPIO_Write                               0x080019c1   Thumb Code     4  stm32f30x_gpio.o(.text)
    GPIO_PinAFConfig                         0x080019c5   Thumb Code    70  stm32f30x_gpio.o(.text)
    NVIC_PriorityGroupConfig                 0x08001a21   Thumb Code    10  stm32f30x_misc.o(.text)
    NVIC_Init                                0x08001a2b   Thumb Code   102  stm32f30x_misc.o(.text)
    NVIC_SetVectorTable                      0x08001a91   Thumb Code    14  stm32f30x_misc.o(.text)
    NVIC_SystemLPConfig                      0x08001a9f   Thumb Code    34  stm32f30x_misc.o(.text)
    SysTick_CLKSourceConfig                  0x08001ac1   Thumb Code    40  stm32f30x_misc.o(.text)
    RCC_DeInit                               0x08001afd   Thumb Code    84  stm32f30x_rcc.o(.text)
    RCC_HSEConfig                            0x08001b51   Thumb Code    12  stm32f30x_rcc.o(.text)
    RCC_GetFlagStatus                        0x08001b5d   Thumb Code    64  stm32f30x_rcc.o(.text)
    RCC_WaitForHSEStartUp                    0x08001b9d   Thumb Code    56  stm32f30x_rcc.o(.text)
    RCC_AdjustHSICalibrationValue            0x08001bd5   Thumb Code    20  stm32f30x_rcc.o(.text)
    RCC_HSICmd                               0x08001be9   Thumb Code     6  stm32f30x_rcc.o(.text)
    RCC_LSEConfig                            0x08001bef   Thumb Code    32  stm32f30x_rcc.o(.text)
    RCC_LSEDriveConfig                       0x08001c0f   Thumb Code    22  stm32f30x_rcc.o(.text)
    RCC_LSICmd                               0x08001c25   Thumb Code     6  stm32f30x_rcc.o(.text)
    RCC_PLLConfig                            0x08001c2b   Thumb Code    28  stm32f30x_rcc.o(.text)
    RCC_PLLCmd                               0x08001c47   Thumb Code     6  stm32f30x_rcc.o(.text)
    RCC_PREDIV1Config                        0x08001c4d   Thumb Code    18  stm32f30x_rcc.o(.text)
    RCC_ClockSecuritySystemCmd               0x08001c5f   Thumb Code     6  stm32f30x_rcc.o(.text)
    RCC_MCOConfig                            0x08001c65   Thumb Code     6  stm32f30x_rcc.o(.text)
    RCC_SYSCLKConfig                         0x08001c6b   Thumb Code    18  stm32f30x_rcc.o(.text)
    RCC_GetSYSCLKSource                      0x08001c7d   Thumb Code    10  stm32f30x_rcc.o(.text)
    RCC_HCLKConfig                           0x08001c87   Thumb Code    18  stm32f30x_rcc.o(.text)
    RCC_PCLK1Config                          0x08001c99   Thumb Code    18  stm32f30x_rcc.o(.text)
    RCC_PCLK2Config                          0x08001cab   Thumb Code    20  stm32f30x_rcc.o(.text)
    RCC_GetClocksFreq                        0x08001cbf   Thumb Code  1088  stm32f30x_rcc.o(.text)
    RCC_ADCCLKConfig                         0x080020ff   Thumb Code    44  stm32f30x_rcc.o(.text)
    RCC_I2CCLKConfig                         0x0800212b   Thumb Code    44  stm32f30x_rcc.o(.text)
    RCC_TIMCLKConfig                         0x08002157   Thumb Code    44  stm32f30x_rcc.o(.text)
    RCC_USARTCLKConfig                       0x08002183   Thumb Code   104  stm32f30x_rcc.o(.text)
    RCC_USBCLKConfig                         0x080021eb   Thumb Code     6  stm32f30x_rcc.o(.text)
    RCC_RTCCLKConfig                         0x080021f1   Thumb Code    12  stm32f30x_rcc.o(.text)
    RCC_I2SCLKConfig                         0x080021fd   Thumb Code     6  stm32f30x_rcc.o(.text)
    RCC_RTCCLKCmd                            0x08002203   Thumb Code     6  stm32f30x_rcc.o(.text)
    RCC_BackupResetCmd                       0x08002209   Thumb Code     8  stm32f30x_rcc.o(.text)
    RCC_AHBPeriphClockCmd                    0x08002211   Thumb Code    26  stm32f30x_rcc.o(.text)
    RCC_APB2PeriphClockCmd                   0x0800222b   Thumb Code    26  stm32f30x_rcc.o(.text)
    RCC_APB1PeriphClockCmd                   0x08002245   Thumb Code    26  stm32f30x_rcc.o(.text)
    RCC_AHBPeriphResetCmd                    0x0800225f   Thumb Code    26  stm32f30x_rcc.o(.text)
    RCC_APB2PeriphResetCmd                   0x08002279   Thumb Code    26  stm32f30x_rcc.o(.text)
    RCC_APB1PeriphResetCmd                   0x08002293   Thumb Code    26  stm32f30x_rcc.o(.text)
    RCC_ITConfig                             0x080022ad   Thumb Code    26  stm32f30x_rcc.o(.text)
    RCC_ClearFlag                            0x080022c7   Thumb Code    14  stm32f30x_rcc.o(.text)
    RCC_GetITStatus                          0x080022d5   Thumb Code    20  stm32f30x_rcc.o(.text)
    RCC_ClearITPendingBit                    0x080022e9   Thumb Code     6  stm32f30x_rcc.o(.text)
    TIM_DeInit                               0x08002305   Thumb Code   250  stm32f30x_tim.o(.text)
    TIM_TimeBaseInit                         0x080023ff   Thumb Code   116  stm32f30x_tim.o(.text)
    TIM_TimeBaseStructInit                   0x08002473   Thumb Code    18  stm32f30x_tim.o(.text)
    TIM_PrescalerConfig                      0x08002485   Thumb Code     6  stm32f30x_tim.o(.text)
    TIM_CounterModeConfig                    0x0800248b   Thumb Code    18  stm32f30x_tim.o(.text)
    TIM_SetCounter                           0x0800249d   Thumb Code     4  stm32f30x_tim.o(.text)
    TIM_SetAutoreload                        0x080024a1   Thumb Code     4  stm32f30x_tim.o(.text)
    TIM_GetCounter                           0x080024a5   Thumb Code     6  stm32f30x_tim.o(.text)
    TIM_GetPrescaler                         0x080024ab   Thumb Code     6  stm32f30x_tim.o(.text)
    TIM_UpdateDisableConfig                  0x080024b1   Thumb Code    24  stm32f30x_tim.o(.text)
    TIM_UpdateRequestConfig                  0x080024c9   Thumb Code    24  stm32f30x_tim.o(.text)
    TIM_UIFRemap                             0x080024e1   Thumb Code    24  stm32f30x_tim.o(.text)
    TIM_ARRPreloadConfig                     0x080024f9   Thumb Code    24  stm32f30x_tim.o(.text)
    TIM_SelectOnePulseMode                   0x08002511   Thumb Code    18  stm32f30x_tim.o(.text)
    TIM_SetClockDivision                     0x08002523   Thumb Code    18  stm32f30x_tim.o(.text)
    TIM_Cmd                                  0x08002535   Thumb Code    24  stm32f30x_tim.o(.text)
    TIM_OC1Init                              0x0800254d   Thumb Code   120  stm32f30x_tim.o(.text)
    TIM_OC2Init                              0x080025c5   Thumb Code   116  stm32f30x_tim.o(.text)
    TIM_OC3Init                              0x08002639   Thumb Code   114  stm32f30x_tim.o(.text)
    TIM_OC4Init                              0x080026ab   Thumb Code   130  stm32f30x_tim.o(.text)
    TIM_OC5Init                              0x0800272d   Thumb Code    80  stm32f30x_tim.o(.text)
    TIM_OC6Init                              0x0800277d   Thumb Code    88  stm32f30x_tim.o(.text)
    TIM_SelectGC5C1                          0x080027d5   Thumb Code    22  stm32f30x_tim.o(.text)
    TIM_SelectGC5C2                          0x080027eb   Thumb Code    22  stm32f30x_tim.o(.text)
    TIM_SelectGC5C3                          0x08002801   Thumb Code    22  stm32f30x_tim.o(.text)
    TIM_OCStructInit                         0x08002817   Thumb Code    20  stm32f30x_tim.o(.text)
    TIM_SelectOCxM                           0x0800282b   Thumb Code    84  stm32f30x_tim.o(.text)
    TIM_SetCompare1                          0x0800287f   Thumb Code     4  stm32f30x_tim.o(.text)
    TIM_SetCompare2                          0x08002883   Thumb Code     4  stm32f30x_tim.o(.text)
    TIM_SetCompare3                          0x08002887   Thumb Code     4  stm32f30x_tim.o(.text)
    TIM_SetCompare4                          0x0800288b   Thumb Code     4  stm32f30x_tim.o(.text)
    TIM_SetCompare5                          0x0800288f   Thumb Code     4  stm32f30x_tim.o(.text)
    TIM_SetCompare6                          0x08002893   Thumb Code     4  stm32f30x_tim.o(.text)
    TIM_ForcedOC1Config                      0x08002897   Thumb Code    16  stm32f30x_tim.o(.text)
    TIM_ForcedOC2Config                      0x080028a7   Thumb Code    18  stm32f30x_tim.o(.text)
    TIM_ForcedOC3Config                      0x080028b9   Thumb Code    16  stm32f30x_tim.o(.text)
    TIM_ForcedOC4Config                      0x080028c9   Thumb Code    18  stm32f30x_tim.o(.text)
    TIM_ForcedOC5Config                      0x080028db   Thumb Code    16  stm32f30x_tim.o(.text)
    TIM_ForcedOC6Config                      0x080028eb   Thumb Code    18  stm32f30x_tim.o(.text)
    TIM_OC1PreloadConfig                     0x080028fd   Thumb Code    16  stm32f30x_tim.o(.text)
    TIM_OC2PreloadConfig                     0x0800290d   Thumb Code    18  stm32f30x_tim.o(.text)
    TIM_OC3PreloadConfig                     0x0800291f   Thumb Code    16  stm32f30x_tim.o(.text)
    TIM_OC4PreloadConfig                     0x0800292f   Thumb Code    18  stm32f30x_tim.o(.text)
    TIM_OC5PreloadConfig                     0x08002941   Thumb Code    16  stm32f30x_tim.o(.text)
    TIM_OC6PreloadConfig                     0x08002951   Thumb Code    18  stm32f30x_tim.o(.text)
    TIM_OC1FastConfig                        0x08002963   Thumb Code    16  stm32f30x_tim.o(.text)
    TIM_OC2FastConfig                        0x08002973   Thumb Code    18  stm32f30x_tim.o(.text)
    TIM_OC3FastConfig                        0x08002985   Thumb Code    16  stm32f30x_tim.o(.text)
    TIM_OC4FastConfig                        0x08002995   Thumb Code    18  stm32f30x_tim.o(.text)
    TIM_ClearOC1Ref                          0x080029a7   Thumb Code    16  stm32f30x_tim.o(.text)
    TIM_ClearOC2Ref                          0x080029b7   Thumb Code    18  stm32f30x_tim.o(.text)
    TIM_ClearOC3Ref                          0x080029c9   Thumb Code    16  stm32f30x_tim.o(.text)
    TIM_ClearOC4Ref                          0x080029d9   Thumb Code    18  stm32f30x_tim.o(.text)
    TIM_ClearOC5Ref                          0x080029eb   Thumb Code    16  stm32f30x_tim.o(.text)
    TIM_ClearOC6Ref                          0x080029fb   Thumb Code    18  stm32f30x_tim.o(.text)
    TIM_SelectOCREFClear                     0x08002a0d   Thumb Code    18  stm32f30x_tim.o(.text)
    TIM_OC1PolarityConfig                    0x08002a1f   Thumb Code    16  stm32f30x_tim.o(.text)
    TIM_OC1NPolarityConfig                   0x08002a2f   Thumb Code    16  stm32f30x_tim.o(.text)
    TIM_OC2PolarityConfig                    0x08002a3f   Thumb Code    18  stm32f30x_tim.o(.text)
    TIM_OC2NPolarityConfig                   0x08002a51   Thumb Code    18  stm32f30x_tim.o(.text)
    TIM_OC3PolarityConfig                    0x08002a63   Thumb Code    18  stm32f30x_tim.o(.text)
    TIM_OC3NPolarityConfig                   0x08002a75   Thumb Code    18  stm32f30x_tim.o(.text)
    TIM_OC4PolarityConfig                    0x08002a87   Thumb Code    18  stm32f30x_tim.o(.text)
    TIM_OC5PolarityConfig                    0x08002a99   Thumb Code    18  stm32f30x_tim.o(.text)
    TIM_OC6PolarityConfig                    0x08002aab   Thumb Code    18  stm32f30x_tim.o(.text)
    TIM_CCxCmd                               0x08002abd   Thumb Code    28  stm32f30x_tim.o(.text)
    TIM_CCxNCmd                              0x08002ad9   Thumb Code    28  stm32f30x_tim.o(.text)
    TIM_SetIC4Prescaler                      0x08002af5   Thumb Code    26  stm32f30x_tim.o(.text)
    TIM_SetIC3Prescaler                      0x08002b77   Thumb Code    18  stm32f30x_tim.o(.text)
    TIM_SetIC2Prescaler                      0x08002bd5   Thumb Code    18  stm32f30x_tim.o(.text)
    TIM_SetIC1Prescaler                      0x08002c29   Thumb Code    16  stm32f30x_tim.o(.text)
    TIM_ICInit                               0x08002c69   Thumb Code   110  stm32f30x_tim.o(.text)
    TIM_ICStructInit                         0x08002cd7   Thumb Code    18  stm32f30x_tim.o(.text)
    TIM_PWMIConfig                           0x08002ce9   Thumb Code   124  stm32f30x_tim.o(.text)
    TIM_GetCapture1                          0x08002d65   Thumb Code     6  stm32f30x_tim.o(.text)
    TIM_GetCapture2                          0x08002d6b   Thumb Code     6  stm32f30x_tim.o(.text)
    TIM_GetCapture3                          0x08002d71   Thumb Code     6  stm32f30x_tim.o(.text)
    TIM_GetCapture4                          0x08002d77   Thumb Code     6  stm32f30x_tim.o(.text)
    TIM_BDTRConfig                           0x08002d7d   Thumb Code    30  stm32f30x_tim.o(.text)
    TIM_Break1Config                         0x08002d9b   Thumb Code    22  stm32f30x_tim.o(.text)
    TIM_Break2Config                         0x08002db1   Thumb Code    22  stm32f30x_tim.o(.text)
    TIM_Break1Cmd                            0x08002dc7   Thumb Code    22  stm32f30x_tim.o(.text)
    TIM_Break2Cmd                            0x08002ddd   Thumb Code    22  stm32f30x_tim.o(.text)
    TIM_BDTRStructInit                       0x08002df3   Thumb Code    18  stm32f30x_tim.o(.text)
    TIM_CtrlPWMOutputs                       0x08002e05   Thumb Code    22  stm32f30x_tim.o(.text)
    TIM_SelectCOM                            0x08002e1b   Thumb Code    24  stm32f30x_tim.o(.text)
    TIM_CCPreloadControl                     0x08002e33   Thumb Code    24  stm32f30x_tim.o(.text)
    TIM_ITConfig                             0x08002e4b   Thumb Code    24  stm32f30x_tim.o(.text)
    TIM_GenerateEvent                        0x08002e63   Thumb Code     4  stm32f30x_tim.o(.text)
    TIM_GetFlagStatus                        0x08002e67   Thumb Code    18  stm32f30x_tim.o(.text)
    TIM_ClearFlag                            0x08002e79   Thumb Code     8  stm32f30x_tim.o(.text)
    TIM_GetITStatus                          0x08002e81   Thumb Code    34  stm32f30x_tim.o(.text)
    TIM_ClearITPendingBit                    0x08002ea3   Thumb Code     8  stm32f30x_tim.o(.text)
    TIM_DMAConfig                            0x08002eab   Thumb Code    10  stm32f30x_tim.o(.text)
    TIM_DMACmd                               0x08002eb5   Thumb Code    24  stm32f30x_tim.o(.text)
    TIM_SelectCCDMA                          0x08002ecd   Thumb Code    24  stm32f30x_tim.o(.text)
    TIM_InternalClockConfig                  0x08002ee5   Thumb Code    12  stm32f30x_tim.o(.text)
    TIM_SelectInputTrigger                   0x08002ef1   Thumb Code    20  stm32f30x_tim.o(.text)
    TIM_ITRxExternalClockConfig              0x08002f05   Thumb Code    24  stm32f30x_tim.o(.text)
    TIM_TIxExternalClockConfig               0x08002f1d   Thumb Code    62  stm32f30x_tim.o(.text)
    TIM_ETRConfig                            0x08002f5b   Thumb Code    30  stm32f30x_tim.o(.text)
    TIM_ETRClockMode1Config                  0x08002f79   Thumb Code    56  stm32f30x_tim.o(.text)
    TIM_ETRClockMode2Config                  0x08002fb1   Thumb Code    32  stm32f30x_tim.o(.text)
    TIM_SelectOutputTrigger                  0x08002fd1   Thumb Code    18  stm32f30x_tim.o(.text)
    TIM_SelectOutputTrigger2                 0x08002fe3   Thumb Code    16  stm32f30x_tim.o(.text)
    TIM_SelectSlaveMode                      0x08002ff3   Thumb Code    16  stm32f30x_tim.o(.text)
    TIM_SelectMasterSlaveMode                0x08003003   Thumb Code    18  stm32f30x_tim.o(.text)
    TIM_EncoderInterfaceConfig               0x08003015   Thumb Code    72  stm32f30x_tim.o(.text)
    TIM_SelectHallSensor                     0x0800305d   Thumb Code    24  stm32f30x_tim.o(.text)
    TIM_RemapConfig                          0x08003075   Thumb Code     6  stm32f30x_tim.o(.text)
    USART_DeInit                             0x08003081   Thumb Code   134  stm32f30x_usart.o(.text)
    USART_Init                               0x08003107   Thumb Code   220  stm32f30x_usart.o(.text)
    USART_StructInit                         0x080031e3   Thumb Code    24  stm32f30x_usart.o(.text)
    USART_ClockInit                          0x080031fb   Thumb Code    30  stm32f30x_usart.o(.text)
    USART_ClockStructInit                    0x08003219   Thumb Code    12  stm32f30x_usart.o(.text)
    USART_Cmd                                0x08003225   Thumb Code    22  stm32f30x_usart.o(.text)
    USART_DirectionModeCmd                   0x0800323b   Thumb Code    18  stm32f30x_usart.o(.text)
    USART_OverSampling8Cmd                   0x0800324d   Thumb Code    22  stm32f30x_usart.o(.text)
    USART_OneBitMethodCmd                    0x08003263   Thumb Code    22  stm32f30x_usart.o(.text)
    USART_MSBFirstCmd                        0x08003279   Thumb Code    22  stm32f30x_usart.o(.text)
    USART_DataInvCmd                         0x0800328f   Thumb Code    22  stm32f30x_usart.o(.text)
    USART_InvPinCmd                          0x080032a5   Thumb Code    18  stm32f30x_usart.o(.text)
    USART_SWAPPinCmd                         0x080032b7   Thumb Code    22  stm32f30x_usart.o(.text)
    USART_ReceiverTimeOutCmd                 0x080032cd   Thumb Code    22  stm32f30x_usart.o(.text)
    USART_SetReceiverTimeOut                 0x080032e3   Thumb Code    16  stm32f30x_usart.o(.text)
    USART_SetPrescaler                       0x080032f3   Thumb Code    16  stm32f30x_usart.o(.text)
    USART_STOPModeCmd                        0x08003303   Thumb Code    22  stm32f30x_usart.o(.text)
    USART_StopModeWakeUpSourceConfig         0x08003319   Thumb Code    16  stm32f30x_usart.o(.text)
    USART_AutoBaudRateCmd                    0x08003329   Thumb Code    22  stm32f30x_usart.o(.text)
    USART_AutoBaudRateConfig                 0x0800333f   Thumb Code    16  stm32f30x_usart.o(.text)
    USART_SendData                           0x0800334f   Thumb Code     8  stm32f30x_usart.o(.text)
    USART_ReceiveData                        0x08003357   Thumb Code    10  stm32f30x_usart.o(.text)
    USART_SetAddress                         0x08003361   Thumb Code    18  stm32f30x_usart.o(.text)
    USART_MuteModeCmd                        0x08003373   Thumb Code    22  stm32f30x_usart.o(.text)
    USART_MuteModeWakeUpConfig               0x08003389   Thumb Code    16  stm32f30x_usart.o(.text)
    USART_AddressDetectionConfig             0x08003399   Thumb Code    16  stm32f30x_usart.o(.text)
    USART_LINBreakDetectLengthConfig         0x080033a9   Thumb Code    16  stm32f30x_usart.o(.text)
    USART_LINCmd                             0x080033b9   Thumb Code    22  stm32f30x_usart.o(.text)
    USART_HalfDuplexCmd                      0x080033cf   Thumb Code    22  stm32f30x_usart.o(.text)
    USART_SetGuardTime                       0x080033e5   Thumb Code    16  stm32f30x_usart.o(.text)
    USART_SmartCardCmd                       0x080033f5   Thumb Code    22  stm32f30x_usart.o(.text)
    USART_SmartCardNACKCmd                   0x0800340b   Thumb Code    22  stm32f30x_usart.o(.text)
    USART_SetAutoRetryCount                  0x08003421   Thumb Code    18  stm32f30x_usart.o(.text)
    USART_SetBlockLength                     0x08003433   Thumb Code    18  stm32f30x_usart.o(.text)
    USART_IrDAConfig                         0x08003445   Thumb Code    16  stm32f30x_usart.o(.text)
    USART_IrDACmd                            0x08003455   Thumb Code    44  stm32f30x_usart.o(.text)
    USART_DECmd                              0x08003481   Thumb Code    22  stm32f30x_usart.o(.text)
    USART_DEPolarityConfig                   0x08003497   Thumb Code    16  stm32f30x_usart.o(.text)
    USART_SetDEAssertionTime                 0x080034a7   Thumb Code    18  stm32f30x_usart.o(.text)
    USART_SetDEDeassertionTime               0x080034b9   Thumb Code    18  stm32f30x_usart.o(.text)
    USART_DMACmd                             0x080034cb   Thumb Code    18  stm32f30x_usart.o(.text)
    USART_DMAReceptionErrorConfig            0x080034dd   Thumb Code    16  stm32f30x_usart.o(.text)
    USART_ITConfig                           0x080034ed   Thumb Code    58  stm32f30x_usart.o(.text)
    USART_RequestCmd                         0x08003527   Thumb Code    18  stm32f30x_usart.o(.text)
    USART_OverrunDetectionConfig             0x08003539   Thumb Code    16  stm32f30x_usart.o(.text)
    USART_GetFlagStatus                      0x08003549   Thumb Code    18  stm32f30x_usart.o(.text)
    USART_ClearFlag                          0x0800355b   Thumb Code     4  stm32f30x_usart.o(.text)
    USART_GetITStatus                        0x0800355f   Thumb Code    74  stm32f30x_usart.o(.text)
    USART_ClearITPendingBit                  0x080035a9   Thumb Code    18  stm32f30x_usart.o(.text)
    __aeabi_dadd                             0x080035bb   Thumb Code   322  dadd.o(.text)
    __aeabi_dsub                             0x080036fd   Thumb Code     6  dadd.o(.text)
    __aeabi_drsub                            0x08003703   Thumb Code     6  dadd.o(.text)
    __aeabi_ddiv                             0x08003709   Thumb Code   222  ddiv.o(.text)
    __aeabi_i2d                              0x080037e7   Thumb Code    34  dflti.o(.text)
    __aeabi_f2d                              0x08003809   Thumb Code    38  f2d.o(.text)
    __aeabi_cdrcmple                         0x08003831   Thumb Code    38  cdrcmple.o(.text)
    __aeabi_d2f                              0x08003859   Thumb Code    56  d2f.o(.text)
    __aeabi_uidiv                            0x08003891   Thumb Code     0  uidiv.o(.text)
    __aeabi_uidivmod                         0x08003891   Thumb Code    44  uidiv.o(.text)
    __aeabi_uldivmod                         0x080038bd   Thumb Code    98  uldiv.o(.text)
    __aeabi_llsl                             0x0800391f   Thumb Code    30  llshl.o(.text)
    _ll_shift_l                              0x0800391f   Thumb Code     0  llshl.o(.text)
    __aeabi_lasr                             0x0800393d   Thumb Code    36  llsshr.o(.text)
    _ll_sshift_r                             0x0800393d   Thumb Code     0  llsshr.o(.text)
    __I$use$fp                               0x08003961   Thumb Code     0  iusefp.o(.text)
    _float_round                             0x08003961   Thumb Code    18  fepilogue.o(.text)
    _float_epilogue                          0x08003973   Thumb Code    90  fepilogue.o(.text)
    _double_round                            0x080039cd   Thumb Code    26  depilogue.o(.text)
    _double_epilogue                         0x080039e7   Thumb Code   164  depilogue.o(.text)
    __aeabi_dmul                             0x08003a8b   Thumb Code   228  dmul.o(.text)
    __aeabi_d2ulz                            0x08003b6f   Thumb Code    48  dfixul.o(.text)
    __scatterload                            0x08003ba1   Thumb Code    28  init.o(.text)
    __scatterload_rt2                        0x08003ba1   Thumb Code     0  init.o(.text)
    __aeabi_llsr                             0x08003bc5   Thumb Code    32  llushr.o(.text)
    _ll_ushift_r                             0x08003bc5   Thumb Code     0  llushr.o(.text)
    _dsqrt                                   0x08003be5   Thumb Code   162  dsqrt.o(.text)
    __0printf                                0x08003c89   Thumb Code    22  printfa.o(i.__0printf)
    __1printf                                0x08003c89   Thumb Code     0  printfa.o(i.__0printf)
    __2printf                                0x08003c89   Thumb Code     0  printfa.o(i.__0printf)
    __c89printf                              0x08003c89   Thumb Code     0  printfa.o(i.__0printf)
    printf                                   0x08003c89   Thumb Code     0  printfa.o(i.__0printf)
    __ARM_fpclassify                         0x08003ca9   Thumb Code    48  fpclassify.o(i.__ARM_fpclassify)
    __hardfp_asin                            0x08003cd9   Thumb Code   774  asin.o(i.__hardfp_asin)
    __kernel_poly                            0x08004049   Thumb Code   248  poly.o(i.__kernel_poly)
    __mathlib_dbl_underflow                  0x08004141   Thumb Code    24  dunder.o(i.__mathlib_dbl_underflow)
    __scatterload_copy                       0x08004161   Thumb Code    14  handlers.o(i.__scatterload_copy)
    __scatterload_null                       0x0800416f   Thumb Code     2  handlers.o(i.__scatterload_null)
    __scatterload_zeroinit                   0x08004171   Thumb Code    14  handlers.o(i.__scatterload_zeroinit)
    __set_errno                              0x08004181   Thumb Code     6  errno.o(i.__set_errno)
    fabs                                     0x08004a2f   Thumb Code    32  fabs.o(i.fabs)
    sqrt                                     0x08004a4f   Thumb Code   110  sqrt.o(i.sqrt)
    Region$$Table$$Base                      0x08004b20   Number         0  anon$$obj.o(Region$$Table)
    Region$$Table$$Limit                     0x08004b40   Number         0  anon$$obj.o(Region$$Table)
    DstBuffer                                0x20000004   Data           4  usart.o(.data)
    EndOfTransfer                            0x20000008   Data           4  usart.o(.data)
    SystemCoreClock                          0x20000010   Data           4  system_stm32f30x.o(.data)
    AHBPrescTable                            0x20000014   Data          16  system_stm32f30x.o(.data)
    HistoryAcc_Y                             0x20000024   Data           8  cal.o(.data)
    angleY                                   0x2000002c   Data           4  extern_variable.o(.data)
    ReceiveDataEn                            0x20000030   Data           1  extern_variable.o(.data)
    GyroData                                 0x20000032   Data           6  extern_variable.o(.data)
    AccData                                  0x20000038   Data           6  extern_variable.o(.data)
    SetZeroPoint_Flag                        0x2000003e   Data           1  extern_variable.o(.data)
    __stdout                                 0x2000006c   Data           4  stdout.o(.data)
    buffer                                   0x20000074   Data          14  extern_variable.o(.bss)
    S_FLOAT_AccAngle                         0x20000084   Data          24  extern_variable.o(.bss)
    S_FLOAT_GyroAngle                        0x2000009c   Data          24  extern_variable.o(.bss)
    __initial_sp                             0x200004b8   Data           0  startup_stm32f30x.o(STACK)



==============================================================================

Memory Map of the image

  Image Entry point : 0x08000b31

  Load Region LR_1 (Base: 0x08000000, Size: 0x00004bb4, Max: 0xffffffff, ABSOLUTE)

    Execution Region ER_RO (Base: 0x08000000, Size: 0x00004b40, Max: 0xffffffff, ABSOLUTE)

    Base Addr    Size         Type   Attr      Idx    E Section Name        Object

    0x08000000   0x00000188   Data   RO          278    RESET               startup_stm32f30x.o
    0x08000188   0x00000000   Code   RO          922  * .ARM.Collect$$$$00000000  mc_w.l(entry.o)
    0x08000188   0x00000004   Code   RO         1216    .ARM.Collect$$$$00000001  mc_w.l(entry2.o)
    0x0800018c   0x00000004   Code   RO         1219    .ARM.Collect$$$$00000004  mc_w.l(entry5.o)
    0x08000190   0x00000000   Code   RO         1221    .ARM.Collect$$$$00000008  mc_w.l(entry7b.o)
    0x08000190   0x00000000   Code   RO         1223    .ARM.Collect$$$$0000000A  mc_w.l(entry8b.o)
    0x08000190   0x00000008   Code   RO         1224    .ARM.Collect$$$$0000000B  mc_w.l(entry9a.o)
    0x08000198   0x00000000   Code   RO         1226    .ARM.Collect$$$$0000000D  mc_w.l(entry10a.o)
    0x08000198   0x00000000   Code   RO         1228    .ARM.Collect$$$$0000000F  mc_w.l(entry11a.o)
    0x08000198   0x00000004   Code   RO         1217    .ARM.Collect$$$$00002712  mc_w.l(entry2.o)
    0x0800019c   0x0000006c   Code   RO            3    .text               main.o
    0x08000208   0x00000520   Code   RO          159    .text               iic.o
    0x08000728   0x00000088   Code   RO          181    .text               stm32f30x_it.o
    0x080007b0   0x0000004c   Code   RO          204    .text               delay.o
    0x080007fc   0x00000158   Code   RO          226    .text               usart.o
    0x08000954   0x000001dc   Code   RO          252    .text               system_stm32f30x.o
    0x08000b30   0x00000024   Code   RO          279  * .text               startup_stm32f30x.o
    0x08000b54   0x000005bc   Code   RO          285    .text               cal.o
    0x08001110   0x000000e8   Code   RO          333    .text               tim_init.o
    0x080011f8   0x00000180   Code   RO          433    .text               mpu6050.o
    0x08001378   0x00000250   Code   RO          582    .text               stm32f30x_dma.o
    0x080015c8   0x00000264   Code   RO          602    .text               stm32f30x_exti.o
    0x0800182c   0x000001f4   Code   RO          642    .text               stm32f30x_gpio.o
    0x08001a20   0x000000dc   Code   RO          702    .text               stm32f30x_misc.o
    0x08001afc   0x00000808   Code   RO          762    .text               stm32f30x_rcc.o
    0x08002304   0x00000d7c   Code   RO          844    .text               stm32f30x_tim.o
    0x08003080   0x0000053a   Code   RO          864    .text               stm32f30x_usart.o
    0x080035ba   0x0000014e   Code   RO         1186    .text               mf_w.l(dadd.o)
    0x08003708   0x000000de   Code   RO         1188    .text               mf_w.l(ddiv.o)
    0x080037e6   0x00000022   Code   RO         1190    .text               mf_w.l(dflti.o)
    0x08003808   0x00000026   Code   RO         1192    .text               mf_w.l(f2d.o)
    0x0800382e   0x00000002   PAD
    0x08003830   0x00000028   Code   RO         1194    .text               mf_w.l(cdrcmple.o)
    0x08003858   0x00000038   Code   RO         1196    .text               mf_w.l(d2f.o)
    0x08003890   0x0000002c   Code   RO         1231    .text               mc_w.l(uidiv.o)
    0x080038bc   0x00000062   Code   RO         1233    .text               mc_w.l(uldiv.o)
    0x0800391e   0x0000001e   Code   RO         1235    .text               mc_w.l(llshl.o)
    0x0800393c   0x00000024   Code   RO         1237    .text               mc_w.l(llsshr.o)
    0x08003960   0x00000000   Code   RO         1246    .text               mc_w.l(iusefp.o)
    0x08003960   0x0000006c   Code   RO         1247    .text               mf_w.l(fepilogue.o)
    0x080039cc   0x000000be   Code   RO         1249    .text               mf_w.l(depilogue.o)
    0x08003a8a   0x000000e4   Code   RO         1251    .text               mf_w.l(dmul.o)
    0x08003b6e   0x00000030   Code   RO         1255    .text               mf_w.l(dfixul.o)
    0x08003b9e   0x00000002   PAD
    0x08003ba0   0x00000024   Code   RO         1257    .text               mc_w.l(init.o)
    0x08003bc4   0x00000020   Code   RO         1259    .text               mc_w.l(llushr.o)
    0x08003be4   0x000000a2   Code   RO         1261    .text               mf_w.l(dsqrt.o)
    0x08003c86   0x00000002   PAD
    0x08003c88   0x00000020   Code   RO         1158    i.__0printf         mc_w.l(printfa.o)
    0x08003ca8   0x00000030   Code   RO         1200    i.__ARM_fpclassify  m_wm.l(fpclassify.o)
    0x08003cd8   0x00000370   Code   RO          902    i.__hardfp_asin     m_wm.l(asin.o)
    0x08004048   0x000000f8   Code   RO         1202    i.__kernel_poly     m_wm.l(poly.o)
    0x08004140   0x00000020   Code   RO         1198    i.__mathlib_dbl_underflow  m_wm.l(dunder.o)
    0x08004160   0x0000000e   Code   RO         1267    i.__scatterload_copy  mc_w.l(handlers.o)
    0x0800416e   0x00000002   Code   RO         1268    i.__scatterload_null  mc_w.l(handlers.o)
    0x08004170   0x0000000e   Code   RO         1269    i.__scatterload_zeroinit  mc_w.l(handlers.o)
    0x0800417e   0x00000002   PAD
    0x08004180   0x0000000c   Code   RO         1241    i.__set_errno       mc_w.l(errno.o)
    0x0800418c   0x0000015c   Code   RO         1165    i._fp_digits        mc_w.l(printfa.o)
    0x080042e8   0x000006f0   Code   RO         1166    i._printf_core      mc_w.l(printfa.o)
    0x080049d8   0x00000026   Code   RO         1167    i._printf_post_padding  mc_w.l(printfa.o)
    0x080049fe   0x00000030   Code   RO         1168    i._printf_pre_padding  mc_w.l(printfa.o)
    0x08004a2e   0x00000020   Code   RO          918    i.fabs              m_wm.l(fabs.o)
    0x08004a4e   0x0000006e   Code   RO         1206    i.sqrt              m_wm.l(sqrt.o)
    0x08004abc   0x00000010   Data   RO          286    .constdata          cal.o
    0x08004acc   0x00000004   PAD
    0x08004ad0   0x00000050   Data   RO          905    .constdata          m_wm.l(asin.o)
    0x08004b20   0x00000020   Data   RO         1265    Region$$Table       anon$$obj.o


    Execution Region ER_RW (Base: 0x20000000, Size: 0x00000074, Max: 0xffffffff, ABSOLUTE)

    Base Addr    Size         Type   Attr      Idx    E Section Name        Object

    0x20000000   0x00000004   Data   RW          205    .data               delay.o
    0x20000004   0x0000000c   Data   RW          227    .data               usart.o
    0x20000010   0x00000014   Data   RW          253    .data               system_stm32f30x.o
    0x20000024   0x00000008   Data   RW          287    .data               cal.o
    0x2000002c   0x00000013   Data   RW          352    .data               extern_variable.o
    0x2000003f   0x00000001   PAD
    0x20000040   0x0000002a   Data   RW          763    .data               stm32f30x_rcc.o
    0x2000006a   0x00000002   PAD
    0x2000006c   0x00000004   Data   RW         1230    .data               mc_w.l(stdout.o)
    0x20000070   0x00000004   Data   RW         1242    .data               mc_w.l(errno.o)


    Execution Region ER_ZI (Base: 0x20000074, Size: 0x00000444, Max: 0xffffffff, ABSOLUTE)

    Base Addr    Size         Type   Attr      Idx    E Section Name        Object

    0x20000074   0x00000040   Zero   RW          351    .bss                extern_variable.o
    0x200000b4   0x00000004   PAD
    0x200000b8   0x00000400   Zero   RW          276    STACK               startup_stm32f30x.o


==============================================================================

Image component sizes


      Code (inc. data)   RO Data    RW Data    ZI Data      Debug   Object Name

      1468        174         16          8          0       2991   cal.o
        76          4          0          4          0       1461   delay.o
         0          0          0         19         64       1374   extern_variable.o
      1312         28          0          0          0       4513   iic.o
       108         22          0          0          0     262055   main.o
         0          0          0          0          0     195552   motor.o
       384         84          0          0          0       1745   mpu6050.o
        36          8        392          0       1024        784   startup_stm32f30x.o
       592          8          0          0          0       4346   stm32f30x_dma.o
       612          6          0          0          0       2263   stm32f30x_exti.o
       500         22          0          0          0       3781   stm32f30x_gpio.o
       136         14          0          0          0       1784   stm32f30x_it.o
       220         20          0          0          0       1833   stm32f30x_misc.o
      2056         68          0         42          0       9933   stm32f30x_rcc.o
      3452         68          0          0          0      27035   stm32f30x_tim.o
      1338         22          0          0          0      11926   stm32f30x_usart.o
       476         40          0         20          0       1755   system_stm32f30x.o
       232         24          0          0          0        820   tim_init.o
       344         16          0         12          0       1707   usart.o

    ----------------------------------------------------------------------
     13342        628        444        108       1092     537658   Object Totals
         0          0         32          0          0          0   (incl. Generated)
         0          0          4          3          4          0   (incl. Padding)

    ----------------------------------------------------------------------

      Code (inc. data)   RO Data    RW Data    ZI Data      Debug   Library Member Name

       880        106         80          0          0        200   asin.o
        32          8          0          0          0        124   dunder.o
        32          0          0          0          0        124   fabs.o
        48          0          0          0          0        124   fpclassify.o
       248          0          0          0          0        152   poly.o
       110          0          0          0          0        148   sqrt.o
         0          0          0          0          0          0   entry.o
         0          0          0          0          0          0   entry10a.o
         0          0          0          0          0          0   entry11a.o
         8          4          0          0          0          0   entry2.o
         4          0          0          0          0          0   entry5.o
         0          0          0          0          0          0   entry7b.o
         0          0          0          0          0          0   entry8b.o
         8          4          0          0          0          0   entry9a.o
        12          6          0          4          0         68   errno.o
        30          0          0          0          0          0   handlers.o
        36          8          0          0          0         68   init.o
         0          0          0          0          0          0   iusefp.o
        30          0          0          0          0         68   llshl.o
        36          0          0          0          0         68   llsshr.o
        32          0          0          0          0         68   llushr.o
      2242         90          0          0          0        444   printfa.o
         0          0          0          4          0          0   stdout.o
        44          0          0          0          0         80   uidiv.o
        98          0          0          0          0         92   uldiv.o
        40          2          0          0          0         68   cdrcmple.o
        56          0          0          0          0         88   d2f.o
       334          0          0          0          0        148   dadd.o
       222          0          0          0          0        100   ddiv.o
       190          0          0          0          0        176   depilogue.o
        48          0          0          0          0         68   dfixul.o
        34          0          0          0          0         76   dflti.o
       228          0          0          0          0         96   dmul.o
       162          0          0          0          0        100   dsqrt.o
        38          0          0          0          0         68   f2d.o
       108          0          0          0          0        168   fepilogue.o

    ----------------------------------------------------------------------
      5398        228         80          8          0       2984   Library Totals
         8          0          0          0          0          0   (incl. Padding)

    ----------------------------------------------------------------------

      Code (inc. data)   RO Data    RW Data    ZI Data      Debug   Library Name

      1350        114         80          0          0        872   m_wm.l
      2580        112          0          8          0        956   mc_w.l
      1460          2          0          0          0       1156   mf_w.l

    ----------------------------------------------------------------------
      5398        228         80          8          0       2984   Library Totals

    ----------------------------------------------------------------------

==============================================================================


      Code (inc. data)   RO Data    RW Data    ZI Data      Debug   

     18740        856        524        116       1092     536102   Grand Totals
     18740        856        524        116       1092     536102   ELF Image Totals
     18740        856        524        116          0          0   ROM Totals

==============================================================================

    Total RO  Size (Code + RO Data)                19264 (  18.81kB)
    Total RW  Size (RW Data + ZI Data)              1208 (   1.18kB)
    Total ROM Size (Code + RO Data + RW Data)      19380 (  18.93kB)

==============================================================================

